Archive member included to satisfy reference by file (symbol)

D:/stm32ide/STM32CubeIDE_1.17.0/STM32CubeIDE/plugins/com.st.stm32cube.ide.mcu.externaltools.gnu-tools-for-stm32.12.3.rel1.win32_1.1.0.202410251130/tools/bin/../lib/gcc/arm-none-eabi/12.3.1/../../../../arm-none-eabi/lib/thumb/v7e-m+fp/hard\libc_nano.a(libc_a-exit.o)
                              D:/stm32ide/STM32CubeIDE_1.17.0/STM32CubeIDE/plugins/com.st.stm32cube.ide.mcu.externaltools.gnu-tools-for-stm32.12.3.rel1.win32_1.1.0.202410251130/tools/bin/../lib/gcc/arm-none-eabi/12.3.1/../../../../arm-none-eabi/lib/thumb/v7e-m+fp/hard/crt0.o (exit)
D:/stm32ide/STM32CubeIDE_1.17.0/STM32CubeIDE/plugins/com.st.stm32cube.ide.mcu.externaltools.gnu-tools-for-stm32.12.3.rel1.win32_1.1.0.202410251130/tools/bin/../lib/gcc/arm-none-eabi/12.3.1/../../../../arm-none-eabi/lib/thumb/v7e-m+fp/hard\libc_nano.a(libc_a-findfp.o)
                              D:/stm32ide/STM32CubeIDE_1.17.0/STM32CubeIDE/plugins/com.st.stm32cube.ide.mcu.externaltools.gnu-tools-for-stm32.12.3.rel1.win32_1.1.0.202410251130/tools/bin/../lib/gcc/arm-none-eabi/12.3.1/../../../../arm-none-eabi/lib/thumb/v7e-m+fp/hard\libc_nano.a(libc_a-exit.o) (__stdio_exit_handler)
D:/stm32ide/STM32CubeIDE_1.17.0/STM32CubeIDE/plugins/com.st.stm32cube.ide.mcu.externaltools.gnu-tools-for-stm32.12.3.rel1.win32_1.1.0.202410251130/tools/bin/../lib/gcc/arm-none-eabi/12.3.1/../../../../arm-none-eabi/lib/thumb/v7e-m+fp/hard\libc_nano.a(libc_a-fwalk.o)
                              D:/stm32ide/STM32CubeIDE_1.17.0/STM32CubeIDE/plugins/com.st.stm32cube.ide.mcu.externaltools.gnu-tools-for-stm32.12.3.rel1.win32_1.1.0.202410251130/tools/bin/../lib/gcc/arm-none-eabi/12.3.1/../../../../arm-none-eabi/lib/thumb/v7e-m+fp/hard\libc_nano.a(libc_a-findfp.o) (_fwalk_sglue)
D:/stm32ide/STM32CubeIDE_1.17.0/STM32CubeIDE/plugins/com.st.stm32cube.ide.mcu.externaltools.gnu-tools-for-stm32.12.3.rel1.win32_1.1.0.202410251130/tools/bin/../lib/gcc/arm-none-eabi/12.3.1/../../../../arm-none-eabi/lib/thumb/v7e-m+fp/hard\libc_nano.a(libc_a-printf.o)
                              ./Core/Src/etx_ota_update.o (printf)
D:/stm32ide/STM32CubeIDE_1.17.0/STM32CubeIDE/plugins/com.st.stm32cube.ide.mcu.externaltools.gnu-tools-for-stm32.12.3.rel1.win32_1.1.0.202410251130/tools/bin/../lib/gcc/arm-none-eabi/12.3.1/../../../../arm-none-eabi/lib/thumb/v7e-m+fp/hard\libc_nano.a(libc_a-puts.o)
                              ./Core/Src/etx_ota_update.o (puts)
D:/stm32ide/STM32CubeIDE_1.17.0/STM32CubeIDE/plugins/com.st.stm32cube.ide.mcu.externaltools.gnu-tools-for-stm32.12.3.rel1.win32_1.1.0.202410251130/tools/bin/../lib/gcc/arm-none-eabi/12.3.1/../../../../arm-none-eabi/lib/thumb/v7e-m+fp/hard\libc_nano.a(libc_a-stdio.o)
                              D:/stm32ide/STM32CubeIDE_1.17.0/STM32CubeIDE/plugins/com.st.stm32cube.ide.mcu.externaltools.gnu-tools-for-stm32.12.3.rel1.win32_1.1.0.202410251130/tools/bin/../lib/gcc/arm-none-eabi/12.3.1/../../../../arm-none-eabi/lib/thumb/v7e-m+fp/hard\libc_nano.a(libc_a-findfp.o) (__sread)
D:/stm32ide/STM32CubeIDE_1.17.0/STM32CubeIDE/plugins/com.st.stm32cube.ide.mcu.externaltools.gnu-tools-for-stm32.12.3.rel1.win32_1.1.0.202410251130/tools/bin/../lib/gcc/arm-none-eabi/12.3.1/../../../../arm-none-eabi/lib/thumb/v7e-m+fp/hard\libc_nano.a(libc_a-wbuf.o)
                              D:/stm32ide/STM32CubeIDE_1.17.0/STM32CubeIDE/plugins/com.st.stm32cube.ide.mcu.externaltools.gnu-tools-for-stm32.12.3.rel1.win32_1.1.0.202410251130/tools/bin/../lib/gcc/arm-none-eabi/12.3.1/../../../../arm-none-eabi/lib/thumb/v7e-m+fp/hard\libc_nano.a(libc_a-puts.o) (__swbuf_r)
D:/stm32ide/STM32CubeIDE_1.17.0/STM32CubeIDE/plugins/com.st.stm32cube.ide.mcu.externaltools.gnu-tools-for-stm32.12.3.rel1.win32_1.1.0.202410251130/tools/bin/../lib/gcc/arm-none-eabi/12.3.1/../../../../arm-none-eabi/lib/thumb/v7e-m+fp/hard\libc_nano.a(libc_a-wsetup.o)
                              D:/stm32ide/STM32CubeIDE_1.17.0/STM32CubeIDE/plugins/com.st.stm32cube.ide.mcu.externaltools.gnu-tools-for-stm32.12.3.rel1.win32_1.1.0.202410251130/tools/bin/../lib/gcc/arm-none-eabi/12.3.1/../../../../arm-none-eabi/lib/thumb/v7e-m+fp/hard\libc_nano.a(libc_a-puts.o) (__swsetup_r)
D:/stm32ide/STM32CubeIDE_1.17.0/STM32CubeIDE/plugins/com.st.stm32cube.ide.mcu.externaltools.gnu-tools-for-stm32.12.3.rel1.win32_1.1.0.202410251130/tools/bin/../lib/gcc/arm-none-eabi/12.3.1/../../../../arm-none-eabi/lib/thumb/v7e-m+fp/hard\libc_nano.a(libc_a-memset.o)
                              D:/stm32ide/STM32CubeIDE_1.17.0/STM32CubeIDE/plugins/com.st.stm32cube.ide.mcu.externaltools.gnu-tools-for-stm32.12.3.rel1.win32_1.1.0.202410251130/tools/bin/../lib/gcc/arm-none-eabi/12.3.1/../../../../arm-none-eabi/lib/thumb/v7e-m+fp/hard/crt0.o (memset)
D:/stm32ide/STM32CubeIDE_1.17.0/STM32CubeIDE/plugins/com.st.stm32cube.ide.mcu.externaltools.gnu-tools-for-stm32.12.3.rel1.win32_1.1.0.202410251130/tools/bin/../lib/gcc/arm-none-eabi/12.3.1/../../../../arm-none-eabi/lib/thumb/v7e-m+fp/hard\libc_nano.a(libc_a-closer.o)
[...]
Memory Configuration

Name             Origin             Length             Attributes
CCMRAM           0x10000000         0x00010000         xrw
RAM              0x20000000         0x00020000         xrw
FLASH            0x08000000         0x00010000         xr
*default*        0x00000000         0xffffffff

Linker script and memory map

LOAD D:/stm32ide/STM32CubeIDE_1.17.0/STM32CubeIDE/plugins/com.st.stm32cube.ide.mcu.externaltools.gnu-tools-for-stm32.12.3.rel1.win32_1.1.0.202410251130/tools/bin/../lib/gcc/arm-none-eabi/12.3.1/thumb/v7e-m+fp/hard/crti.o
LOAD D:/stm32ide/STM32CubeIDE_1.17.0/STM32CubeIDE/plugins/com.st.stm32cube.ide.mcu.externaltools.gnu-tools-for-stm32.12.3.rel1.win32_1.1.0.202410251130/tools/bin/../lib/gcc/arm-none-eabi/12.3.1/thumb/v7e-m+fp/hard/crtbegin.o
LOAD D:/stm32ide/STM32CubeIDE_1.17.0/STM32CubeIDE/plugins/com.st.stm32cube.ide.mcu.externaltools.gnu-tools-for-stm32.12.3.rel1.win32_1.1.0.202410251130/tools/bin/../lib/gcc/arm-none-eabi/12.3.1/../../../../arm-none-eabi/lib/thumb/v7e-m+fp/hard/crt0.o
LOAD ./Core/Src/etx_ota_update.o
LOAD ./Core/Src/main.o
LOAD ./Core/Src/stm32f4xx_hal_msp.o
LOAD ./Core/Src/stm32f4xx_it.o
LOAD ./Core/Src/syscalls.o
LOAD ./Core/Src/sysmem.o
LOAD ./Core/Src/system_stm32f4xx.o
LOAD ./Core/Startup/startup_stm32f407vgtx.o
LOAD ./Drivers/STM32F4xx_HAL_Driver/Src/stm32f4xx_hal.o
LOAD ./Drivers/STM32F4xx_HAL_Driver/Src/stm32f4xx_hal_cortex.o
LOAD ./Drivers/STM32F4xx_HAL_Driver/Src/stm32f4xx_hal_dma.o
LOAD ./Drivers/STM32F4xx_HAL_Driver/Src/stm32f4xx_hal_dma_ex.o
LOAD ./Drivers/STM32F4xx_HAL_Driver/Src/stm32f4xx_hal_exti.o
LOAD ./Drivers/STM32F4xx_HAL_Driver/Src/stm32f4xx_hal_flash.o
LOAD ./Drivers/STM32F4xx_HAL_Driver/Src/stm32f4xx_hal_flash_ex.o
LOAD ./Drivers/STM32F4xx_HAL_Driver/Src/stm32f4xx_hal_flash_ramfunc.o
LOAD ./Drivers/STM32F4xx_HAL_Driver/Src/stm32f4xx_hal_gpio.o
LOAD ./Drivers/STM32F4xx_HAL_Driver/Src/stm32f4xx_hal_pcd.o
LOAD ./Drivers/STM32F4xx_HAL_Driver/Src/stm32f4xx_hal_pcd_ex.o
LOAD ./Drivers/STM32F4xx_HAL_Driver/Src/stm32f4xx_hal_pwr.o
LOAD ./Drivers/STM32F4xx_HAL_Driver/Src/stm32f4xx_hal_pwr_ex.o
LOAD ./Drivers/STM32F4xx_HAL_Driver/Src/stm32f4xx_hal_rcc.o
LOAD ./Drivers/STM32F4xx_HAL_Driver/Src/stm32f4xx_hal_rcc_ex.o
LOAD ./Drivers/STM32F4xx_HAL_Driver/Src/stm32f4xx_ll_usb.o
LOAD ./Middlewares/ST/STM32_USB_Device_Library/Class/CDC/Src/usbd_cdc.o
LOAD ./Middlewares/ST/STM32_USB_Device_Library/Core/Src/usbd_core.o
LOAD ./Middlewares/ST/STM32_USB_Device_Library/Core/Src/usbd_ctlreq.o
LOAD ./Middlewares/ST/STM32_USB_Device_Library/Core/Src/usbd_ioreq.o
LOAD ./USB_DEVICE/App/usb_device.o
LOAD ./USB_DEVICE/App/usbd_cdc_if.o
LOAD ./USB_DEVICE/App/usbd_desc.o
LOAD ./USB_DEVICE/Target/usbd_conf.o
START GROUP
LOAD D:/stm32ide/STM32CubeIDE_1.17.0/STM32CubeIDE/plugins/com.st.stm32cube.ide.mcu.externaltools.gnu-tools-for-stm32.12.3.rel1.win32_1.1.0.202410251130/tools/bin/../lib/gcc/arm-none-eabi/12.3.1/../../../../arm-none-eabi/lib/thumb/v7e-m+fp/hard\libc_nano.a
LOAD D:/stm32ide/STM32CubeIDE_1.17.0/STM32CubeIDE/plugins/com.st.stm32cube.ide.mcu.externaltools.gnu-tools-for-stm32.12.3.rel1.win32_1.1.0.202410251130/tools/bin/../lib/gcc/arm-none-eabi/12.3.1/../../../../arm-none-eabi/lib/thumb/v7e-m+fp/hard\libm.a
END GROUP
START GROUP
LOAD D:/stm32ide/STM32CubeIDE_1.17.0/STM32CubeIDE/plugins/com.st.stm32cube.ide.mcu.externaltools.gnu-tools-for-stm32.12.3.rel1.win32_1.1.0.202410251130/tools/bin/../lib/gcc/arm-none-eabi/12.3.1/thumb/v7e-m+fp/hard\libgcc.a
LOAD D:/stm32ide/STM32CubeIDE_1.17.0/STM32CubeIDE/plugins/com.st.stm32cube.ide.mcu.externaltools.gnu-tools-for-stm32.12.3.rel1.win32_1.1.0.202410251130/tools/bin/../lib/gcc/arm-none-eabi/12.3.1/../../../../arm-none-eabi/lib/thumb/v7e-m+fp/hard\libc_nano.a
END GROUP
START GROUP
LOAD D:/stm32ide/STM32CubeIDE_1.17.0/STM32CubeIDE/plugins/com.st.stm32cube.ide.mcu.externaltools.gnu-tools-for-stm32.12.3.rel1.win32_1.1.0.202410251130/tools/bin/../lib/gcc/arm-none-eabi/12.3.1/thumb/v7e-m+fp/hard\libgcc.a
LOAD D:/stm32ide/STM32CubeIDE_1.17.0/STM32CubeIDE/plugins/com.st.stm32cube.ide.mcu.externaltools.gnu-tools-for-stm32.12.3.rel1.win32_1.1.0.202410251130/tools/bin/../lib/gcc/arm-none-eabi/12.3.1/../../../../arm-none-eabi/lib/thumb/v7e-m+fp/hard\libc_nano.a
LOAD D:/stm32ide/STM32CubeIDE_1.17.0/STM32CubeIDE/plugins/com.st.stm32cube.ide.mcu.externaltools.gnu-tools-for-stm32.12.3.rel1.win32_1.1.0.202410251130/tools/bin/../lib/gcc/arm-none-eabi/12.3.1/../../../../arm-none-eabi/lib/thumb/v7e-m+fp/hard\libnosys.a
END GROUP
START GROUP
LOAD D:/stm32ide/STM32CubeIDE_1.17.0/STM32CubeIDE/plugins/com.st.stm32cube.ide.mcu.externaltools.gnu-tools-for-stm32.12.3.rel1.win32_1.1.0.202410251130/tools/bin/../lib/gcc/arm-none-eabi/12.3.1/thumb/v7e-m+fp/hard\libgcc.a
LOAD D:/stm32ide/STM32CubeIDE_1.17.0/STM32CubeIDE/plugins/com.st.stm32cube.ide.mcu.externaltools.gnu-tools-for-stm32.12.3.rel1.win32_1.1.0.202410251130/tools/bin/../lib/gcc/arm-none-eabi/12.3.1/../../../../arm-none-eabi/lib/thumb/v7e-m+fp/hard\libc_nano.a
LOAD D:/stm32ide/STM32CubeIDE_1.17.0/STM32CubeIDE/plugins/com.st.stm32cube.ide.mcu.externaltools.gnu-tools-for-stm32.12.3.rel1.win32_1.1.0.202410251130/tools/bin/../lib/gcc/arm-none-eabi/12.3.1/../../../../arm-none-eabi/lib/thumb/v7e-m+fp/hard\libnosys.a
END GROUP
LOAD D:/stm32ide/STM32CubeIDE_1.17.0/STM32CubeIDE/plugins/com.st.stm32cube.ide.mcu.externaltools.gnu-tools-for-stm32.12.3.rel1.win32_1.1.0.202410251130/tools/bin/../lib/gcc/arm-none-eabi/12.3.1/thumb/v7e-m+fp/hard/crtend.o
LOAD D:/stm32ide/STM32CubeIDE_1.17.0/STM32CubeIDE/plugins/com.st.stm32cube.ide.mcu.externaltools.gnu-tools-for-stm32.12.3.rel1.win32_1.1.0.202410251130/tools/bin/../lib/gcc/arm-none-eabi/12.3.1/thumb/v7e-m+fp/hard/crtn.o
                0x20020000                        _estack = (ORIGIN (RAM) + LENGTH (RAM))
                0x00000200                        _Min_Heap_Size = 0x200
                0x00000400                        _Min_Stack_Size = 0x400

.isr_vector     0x08000000      0x188
                0x08000000                        . = ALIGN (0x4)
 *(.isr_vector)
 .isr_vector    0x08000000      0x188 ./Core/Startup/startup_stm32f407vgtx.o
                0x08000000                g_pfnVectors
                0x08000188                        . = ALIGN (0x4)

.text           0x08000190     0x8f2c
                0x08000190                        . = ALIGN (0x4)
 *(.text)
 .text          0x08000190       0x40 D:/stm32ide/STM32CubeIDE_1.17.0/STM32CubeIDE/plugins/com.st.stm32cube.ide.mcu.externaltools.gnu-tools-for-stm32.12.3.rel1.win32_1.1.0.202410251130/tools/bin/../lib/gcc/arm-none-eabi/12.3.1/thumb/v7e-m+fp/hard/crtbegin.o
 .text          0x080001d0       0xa0 D:/stm32ide/STM32CubeIDE_1.17.0/STM32CubeIDE/plugins/com.st.stm32cube.ide.mcu.externaltools.gnu-tools-for-stm32.12.3.rel1.win32_1.1.0.202410251130/tools/bin/../lib/gcc/arm-none-eabi/12.3.1/../../../../arm-none-eabi/lib/thumb/v7e-m+fp/hard\libc_nano.a(libc_a-memchr.o)
                0x080001d0                memchr
 .text          0x08000270       0x30 D:/stm32ide/STM32CubeIDE_1.17.0/STM32CubeIDE/plugins/com.st.stm32cube.ide.mcu.externaltools.gnu-tools-for-stm32.12.3.rel1.win32_1.1.0.202410251130/tools/bin/../lib/gcc/arm-none-eabi/12.3.1/thumb/v7e-m+fp/hard\libgcc.a(_aeabi_uldivmod.o)
                0x08000270                __aeabi_uldivmod
 .text          0x080002a0      0x2bc D:/stm32ide/STM32CubeIDE_1.17.0/STM32CubeIDE/plugins/com.st.stm32cube.ide.mcu.externaltools.gnu-tools-for-stm32.12.3.rel1.win32_1.1.0.202410251130/tools/bin/../lib/gcc/arm-none-eabi/12.3.1/thumb/v7e-m+fp/hard\libgcc.a(_udivmoddi4.o)
                0x080002a0                __udivmoddi4
 .text          0x0800055c        0x4 D:/stm32ide/STM32CubeIDE_1.17.0/STM32CubeIDE/plugins/com.st.stm32cube.ide.mcu.externaltools.gnu-tools-for-stm32.12.3.rel1.win32_1.1.0.202410251130/tools/bin/../lib/gcc/arm-none-eabi/12.3.1/thumb/v7e-m+fp/hard\libgcc.a(_dvmd_tls.o)
                0x0800055c                __aeabi_idiv0
                0x0800055c                __aeabi_ldiv0
 *(.text*)
 .text.etx_ota_download_and_flash
                0x08000560       0xac ./Core/Src/etx_ota_update.o
                0x08000560                etx_ota_download_and_flash
 .text.etx_process_data
                0x0800060c      0x1b4 ./Core/Src/etx_ota_update.o
 .text.etx_receive_chunk
                0x080007c0       0xfc ./Core/Src/etx_ota_update.o
 .text.etx_ota_send_resp
                0x080008bc       0x42 ./Core/Src/etx_ota_update.o
 *fill*         0x080008fe        0x2 
 .text.write_data_to_flash_app
                0x08000900       0xf4 ./Core/Src/etx_ota_update.o
 .text.ITM_SendChar
                0x080009f4       0x4e ./Core/Src/main.o
 .text._write   0x08000a42       0x3c ./Core/Src/main.o
                0x08000a42                _write
 *fill*         0x08000a7e        0x2 
 .text.main     0x08000a80       0xd8 ./Core/Src/main.o
                0x08000a80                main
 .text.SystemClock_Config
                0x08000b58       0xd0 ./Core/Src/main.o
                0x08000b58                SystemClock_Config
 .text.MX_GPIO_Init
                0x08000c28       0xc0 ./Core/Src/main.o
 .text.goto_application
                0x08000ce8       0x60 ./Core/Src/main.o
 .text.Error_Handler
                0x08000d48        0xc ./Core/Src/main.o
                0x08000d48                Error_Handler
 .text.HAL_MspInit
                0x08000d54       0x50 ./Core/Src/stm32f4xx_hal_msp.o
                0x08000d54                HAL_MspInit
 .text.NMI_Handler
                0x08000da4        0x8 ./Core/Src/stm32f4xx_it.o
                0x08000da4                NMI_Handler
 .text.HardFault_Handler
                0x08000dac        0x8 ./Core/Src/stm32f4xx_it.o
                0x08000dac                HardFault_Handler
 .text.MemManage_Handler
                0x08000db4        0x8 ./Core/Src/stm32f4xx_it.o
                0x08000db4                MemManage_Handler
 .text.BusFault_Handler
                0x08000dbc        0x8 ./Core/Src/stm32f4xx_it.o
                0x08000dbc                BusFault_Handler
 .text.UsageFault_Handler
                0x08000dc4        0x8 ./Core/Src/stm32f4xx_it.o
                0x08000dc4                UsageFault_Handler
 .text.SVC_Handler
                0x08000dcc        0xe ./Core/Src/stm32f4xx_it.o
                0x08000dcc                SVC_Handler
 .text.DebugMon_Handler
                0x08000dda        0xe ./Core/Src/stm32f4xx_it.o
                0x08000dda                DebugMon_Handler
 .text.PendSV_Handler
                0x08000de8        0xe ./Core/Src/stm32f4xx_it.o
                0x08000de8                PendSV_Handler
 .text.SysTick_Handler
                0x08000df6        0xc ./Core/Src/stm32f4xx_it.o
                0x08000df6                SysTick_Handler
 *fill*         0x08000e02        0x2 
 .text.OTG_FS_IRQHandler
                0x08000e04       0x14 ./Core/Src/stm32f4xx_it.o
                0x08000e04                OTG_FS_IRQHandler
 .text._read    0x08000e18       0x3a ./Core/Src/syscalls.o
                0x08000e18                _read
 .text._close   0x08000e52       0x18 ./Core/Src/syscalls.o
                0x08000e52                _close
 .text._fstat   0x08000e6a       0x20 ./Core/Src/syscalls.o
                0x08000e6a                _fstat
 .text._isatty  0x08000e8a       0x16 ./Core/Src/syscalls.o
                0x08000e8a                _isatty
 .text._lseek   0x08000ea0       0x1a ./Core/Src/syscalls.o
                0x08000ea0                _lseek
 *fill*         0x08000eba        0x2 
 .text._sbrk    0x08000ebc       0x6c ./Core/Src/sysmem.o
                0x08000ebc                _sbrk
 .text.SystemInit
                0x08000f28       0x24 ./Core/Src/system_stm32f4xx.o
                0x08000f28                SystemInit
 .text.Reset_Handler
                0x08000f4c       0x50 ./Core/Startup/startup_stm32f407vgtx.o
                0x08000f4c                Reset_Handler
 .text.Default_Handler
                0x08000f9c        0x2 ./Core/Startup/startup_stm32f407vgtx.o
                0x08000f9c                RTC_Alarm_IRQHandler
                0x08000f9c                HASH_RNG_IRQHandler
                0x08000f9c                EXTI2_IRQHandler
                0x08000f9c                TIM8_CC_IRQHandler
                0x08000f9c                TIM1_CC_IRQHandler
                0x08000f9c                DMA2_Stream5_IRQHandler
                0x08000f9c                DMA1_Stream5_IRQHandler
                0x08000f9c                PVD_IRQHandler
                0x08000f9c                SDIO_IRQHandler
                0x08000f9c                TAMP_STAMP_IRQHandler
                0x08000f9c                CAN2_RX1_IRQHandler
                0x08000f9c                EXTI3_IRQHandler
                0x08000f9c                TIM8_TRG_COM_TIM14_IRQHandler
                0x08000f9c                TIM1_UP_TIM10_IRQHandler
                0x08000f9c                TIM8_UP_TIM13_IRQHandler
                0x08000f9c                I2C3_ER_IRQHandler
                0x08000f9c                EXTI0_IRQHandler
                0x08000f9c                I2C2_EV_IRQHandler
                0x08000f9c                DMA1_Stream2_IRQHandler
                0x08000f9c                CAN1_RX0_IRQHandler
                0x08000f9c                FPU_IRQHandler
                0x08000f9c                OTG_HS_WKUP_IRQHandler
                0x08000f9c                CAN2_SCE_IRQHandler
                0x08000f9c                DMA2_Stream2_IRQHandler
                0x08000f9c                SPI1_IRQHandler
                0x08000f9c                TIM6_DAC_IRQHandler
                0x08000f9c                TIM1_BRK_TIM9_IRQHandler
                0x08000f9c                DCMI_IRQHandler
                0x08000f9c                CAN2_RX0_IRQHandler
                0x08000f9c                DMA2_Stream3_IRQHandler
                0x08000f9c                USART6_IRQHandler
                0x08000f9c                USART3_IRQHandler
                0x08000f9c                CAN1_RX1_IRQHandler
                0x08000f9c                UART5_IRQHandler
                0x08000f9c                DMA2_Stream0_IRQHandler
                0x08000f9c                TIM4_IRQHandler
                0x08000f9c                I2C1_EV_IRQHandler
                0x08000f9c                DMA1_Stream6_IRQHandler
                0x08000f9c                DMA1_Stream1_IRQHandler
                0x08000f9c                UART4_IRQHandler
                0x08000f9c                TIM3_IRQHandler
                0x08000f9c                RCC_IRQHandler
                0x08000f9c                TIM8_BRK_TIM12_IRQHandler
                0x08000f9c                Default_Handler
                0x08000f9c                EXTI15_10_IRQHandler
                0x08000f9c                ADC_IRQHandler
                0x08000f9c                DMA1_Stream7_IRQHandler
                0x08000f9c                TIM7_IRQHandler
                0x08000f9c                CAN2_TX_IRQHandler
                0x08000f9c                TIM5_IRQHandler
                0x08000f9c                DMA2_Stream7_IRQHandler
                0x08000f9c                I2C3_EV_IRQHandler
                0x08000f9c                EXTI9_5_IRQHandler
                0x08000f9c                RTC_WKUP_IRQHandler
                0x08000f9c                ETH_WKUP_IRQHandler
                0x08000f9c                SPI2_IRQHandler
                0x08000f9c                OTG_HS_EP1_IN_IRQHandler
                0x08000f9c                DMA1_Stream0_IRQHandler
                0x08000f9c                CAN1_TX_IRQHandler
                0x08000f9c                EXTI4_IRQHandler
                0x08000f9c                FSMC_IRQHandler
                0x08000f9c                ETH_IRQHandler
                0x08000f9c                OTG_HS_EP1_OUT_IRQHandler
                0x08000f9c                WWDG_IRQHandler
                0x08000f9c                TIM2_IRQHandler
                0x08000f9c                OTG_FS_WKUP_IRQHandler
                0x08000f9c                TIM1_TRG_COM_TIM11_IRQHandler
                0x08000f9c                OTG_HS_IRQHandler
                0x08000f9c                EXTI1_IRQHandler
                0x08000f9c                USART2_IRQHandler
                0x08000f9c                I2C2_ER_IRQHandler
                0x08000f9c                DMA2_Stream1_IRQHandler
                0x08000f9c                CAN1_SCE_IRQHandler
                0x08000f9c                FLASH_IRQHandler
                0x08000f9c                DMA2_Stream4_IRQHandler
                0x08000f9c                USART1_IRQHandler
                0x08000f9c                SPI3_IRQHandler
                0x08000f9c                DMA1_Stream4_IRQHandler
                0x08000f9c                I2C1_ER_IRQHandler
                0x08000f9c                DMA2_Stream6_IRQHandler
                0x08000f9c                DMA1_Stream3_IRQHandler
 *fill*         0x08000f9e        0x2 
 .text.HAL_Init
                0x08000fa0       0x44 ./Drivers/STM32F4xx_HAL_Driver/Src/stm32f4xx_hal.o
                0x08000fa0                HAL_Init
 .text.HAL_DeInit
                0x08000fe4       0x5c ./Drivers/STM32F4xx_HAL_Driver/Src/stm32f4xx_hal.o
                0x08000fe4                HAL_DeInit
 .text.HAL_MspDeInit
                0x08001040        0xe ./Drivers/STM32F4xx_HAL_Driver/Src/stm32f4xx_hal.o
                0x08001040                HAL_MspDeInit
 *fill*         0x0800104e        0x2 
 .text.HAL_InitTick
                0x08001050       0x60 ./Drivers/STM32F4xx_HAL_Driver/Src/stm32f4xx_hal.o
                0x08001050                HAL_InitTick
 .text.HAL_IncTick
                0x080010b0       0x28 ./Drivers/STM32F4xx_HAL_Driver/Src/stm32f4xx_hal.o
                0x080010b0                HAL_IncTick
 .text.HAL_GetTick
                0x080010d8       0x18 ./Drivers/STM32F4xx_HAL_Driver/Src/stm32f4xx_hal.o
                0x080010d8                HAL_GetTick
 .text.HAL_Delay
                0x080010f0       0x48 ./Drivers/STM32F4xx_HAL_Driver/Src/stm32f4xx_hal.o
                0x080010f0                HAL_Delay
 .text.__NVIC_SetPriorityGrouping
                0x08001138       0x48 ./Drivers/STM32F4xx_HAL_Driver/Src/stm32f4xx_hal_cortex.o
 .text.__NVIC_GetPriorityGrouping
                0x08001180       0x1c ./Drivers/STM32F4xx_HAL_Driver/Src/stm32f4xx_hal_cortex.o
 .text.__NVIC_EnableIRQ
                0x0800119c       0x3c ./Drivers/STM32F4xx_HAL_Driver/Src/stm32f4xx_hal_cortex.o
 .text.__NVIC_DisableIRQ
                0x080011d8       0x48 ./Drivers/STM32F4xx_HAL_Driver/Src/stm32f4xx_hal_cortex.o
 .text.__NVIC_SetPriority
                0x08001220       0x54 ./Drivers/STM32F4xx_HAL_Driver/Src/stm32f4xx_hal_cortex.o
 .text.NVIC_EncodePriority
                0x08001274       0x66 ./Drivers/STM32F4xx_HAL_Driver/Src/stm32f4xx_hal_cortex.o
 *fill*         0x080012da        0x2 
 .text.__NVIC_SystemReset
                0x080012dc       0x2c ./Drivers/STM32F4xx_HAL_Driver/Src/stm32f4xx_hal_cortex.o
 .text.SysTick_Config
                0x08001308       0x44 ./Drivers/STM32F4xx_HAL_Driver/Src/stm32f4xx_hal_cortex.o
 .text.HAL_NVIC_SetPriorityGrouping
                0x0800134c       0x16 ./Drivers/STM32F4xx_HAL_Driver/Src/stm32f4xx_hal_cortex.o
                0x0800134c                HAL_NVIC_SetPriorityGrouping
 .text.HAL_NVIC_SetPriority
                0x08001362       0x38 ./Drivers/STM32F4xx_HAL_Driver/Src/stm32f4xx_hal_cortex.o
                0x08001362                HAL_NVIC_SetPriority
 .text.HAL_NVIC_EnableIRQ
                0x0800139a       0x1c ./Drivers/STM32F4xx_HAL_Driver/Src/stm32f4xx_hal_cortex.o
                0x0800139a                HAL_NVIC_EnableIRQ
 .text.HAL_NVIC_DisableIRQ
                0x080013b6       0x1c ./Drivers/STM32F4xx_HAL_Driver/Src/stm32f4xx_hal_cortex.o
                0x080013b6                HAL_NVIC_DisableIRQ
 .text.HAL_NVIC_SystemReset
                0x080013d2        0x8 ./Drivers/STM32F4xx_HAL_Driver/Src/stm32f4xx_hal_cortex.o
                0x080013d2                HAL_NVIC_SystemReset
 .text.HAL_SYSTICK_Config
                0x080013da       0x18 ./Drivers/STM32F4xx_HAL_Driver/Src/stm32f4xx_hal_cortex.o
                0x080013da                HAL_SYSTICK_Config
 *fill*         0x080013f2        0x2 
 .text.HAL_FLASH_Program
                0x080013f4       0xa8 ./Drivers/STM32F4xx_HAL_Driver/Src/stm32f4xx_hal_flash.o
                0x080013f4                HAL_FLASH_Program
 .text.HAL_FLASH_Unlock
                0x0800149c       0x44 ./Drivers/STM32F4xx_HAL_Driver/Src/stm32f4xx_hal_flash.o
                0x0800149c                HAL_FLASH_Unlock
 .text.HAL_FLASH_Lock
                0x080014e0       0x20 ./Drivers/STM32F4xx_HAL_Driver/Src/stm32f4xx_hal_flash.o
                0x080014e0                HAL_FLASH_Lock
 .text.FLASH_WaitForLastOperation
                0x08001500       0x80 ./Drivers/STM32F4xx_HAL_Driver/Src/stm32f4xx_hal_flash.o
                0x08001500                FLASH_WaitForLastOperation
 .text.FLASH_Program_DoubleWord
                0x08001580       0x64 ./Drivers/STM32F4xx_HAL_Driver/Src/stm32f4xx_hal_flash.o
 .text.FLASH_Program_Word
                0x080015e4       0x44 ./Drivers/STM32F4xx_HAL_Driver/Src/stm32f4xx_hal_flash.o
 .text.FLASH_Program_HalfWord
                0x08001628       0x48 ./Drivers/STM32F4xx_HAL_Driver/Src/stm32f4xx_hal_flash.o
 .text.FLASH_Program_Byte
                0x08001670       0x44 ./Drivers/STM32F4xx_HAL_Driver/Src/stm32f4xx_hal_flash.o
 .text.FLASH_SetErrorCode
                0x080016b4       0xac ./Drivers/STM32F4xx_HAL_Driver/Src/stm32f4xx_hal_flash.o
 .text.HAL_FLASHEx_Erase
                0x08001760       0xe0 ./Drivers/STM32F4xx_HAL_Driver/Src/stm32f4xx_hal_flash_ex.o
                0x08001760                HAL_FLASHEx_Erase
 .text.FLASH_MassErase
                0x08001840       0x48 ./Drivers/STM32F4xx_HAL_Driver/Src/stm32f4xx_hal_flash_ex.o
 .text.FLASH_Erase_Sector
                0x08001888       0x90 ./Drivers/STM32F4xx_HAL_Driver/Src/stm32f4xx_hal_flash_ex.o
                0x08001888                FLASH_Erase_Sector
 .text.FLASH_FlushCaches
                0x08001918       0x8c ./Drivers/STM32F4xx_HAL_Driver/Src/stm32f4xx_hal_flash_ex.o
                0x08001918                FLASH_FlushCaches
 .text.HAL_GPIO_Init
                0x080019a4      0x338 ./Drivers/STM32F4xx_HAL_Driver/Src/stm32f4xx_hal_gpio.o
                0x080019a4                HAL_GPIO_Init
 .text.HAL_GPIO_DeInit
                0x08001cdc      0x1f8 ./Drivers/STM32F4xx_HAL_Driver/Src/stm32f4xx_hal_gpio.o
                0x08001cdc                HAL_GPIO_DeInit
 .text.HAL_GPIO_ReadPin
                0x08001ed4       0x30 ./Drivers/STM32F4xx_HAL_Driver/Src/stm32f4xx_hal_gpio.o
                0x08001ed4                HAL_GPIO_ReadPin
 .text.HAL_GPIO_WritePin
                0x08001f04       0x32 ./Drivers/STM32F4xx_HAL_Driver/Src/stm32f4xx_hal_gpio.o
                0x08001f04                HAL_GPIO_WritePin
 .text.HAL_PCD_Init
                0x08001f36      0x21e ./Drivers/STM32F4xx_HAL_Driver/Src/stm32f4xx_hal_pcd.o
                0x08001f36                HAL_PCD_Init
 .text.HAL_PCD_DeInit
                0x08002154       0x46 ./Drivers/STM32F4xx_HAL_Driver/Src/stm32f4xx_hal_pcd.o
                0x08002154                HAL_PCD_DeInit
 .text.HAL_PCD_Start
                0x0800219a       0x6a ./Drivers/STM32F4xx_HAL_Driver/Src/stm32f4xx_hal_pcd.o
                0x0800219a                HAL_PCD_Start
 .text.HAL_PCD_Stop
                0x08002204       0x76 ./Drivers/STM32F4xx_HAL_Driver/Src/stm32f4xx_hal_pcd.o
                0x08002204                HAL_PCD_Stop
 .text.HAL_PCD_IRQHandler
                0x0800227a      0x942 ./Drivers/STM32F4xx_HAL_Driver/Src/stm32f4xx_hal_pcd.o
                0x0800227a                HAL_PCD_IRQHandler
 .text.HAL_PCD_SetAddress
                0x08002bbc       0x48 ./Drivers/STM32F4xx_HAL_Driver/Src/stm32f4xx_hal_pcd.o
                0x08002bbc                HAL_PCD_SetAddress
 .text.HAL_PCD_EP_Open
                0x08002c04       0xd4 ./Drivers/STM32F4xx_HAL_Driver/Src/stm32f4xx_hal_pcd.o
                0x08002c04                HAL_PCD_EP_Open
 .text.HAL_PCD_EP_Close
                0x08002cd8       0x94 ./Drivers/STM32F4xx_HAL_Driver/Src/stm32f4xx_hal_pcd.o
                0x08002cd8                HAL_PCD_EP_Close
 .text.HAL_PCD_EP_Receive
                0x08002d6c       0x76 ./Drivers/STM32F4xx_HAL_Driver/Src/stm32f4xx_hal_pcd.o
                0x08002d6c                HAL_PCD_EP_Receive
 .text.HAL_PCD_EP_GetRxCount
                0x08002de2       0x30 ./Drivers/STM32F4xx_HAL_Driver/Src/stm32f4xx_hal_pcd.o
                0x08002de2                HAL_PCD_EP_GetRxCount
 .text.HAL_PCD_EP_Transmit
                0x08002e12       0x74 ./Drivers/STM32F4xx_HAL_Driver/Src/stm32f4xx_hal_pcd.o
                0x08002e12                HAL_PCD_EP_Transmit
 .text.HAL_PCD_EP_SetStall
                0x08002e86       0xc6 ./Drivers/STM32F4xx_HAL_Driver/Src/stm32f4xx_hal_pcd.o
                0x08002e86                HAL_PCD_EP_SetStall
 .text.HAL_PCD_EP_ClrStall
                0x08002f4c       0xac ./Drivers/STM32F4xx_HAL_Driver/Src/stm32f4xx_hal_pcd.o
                0x08002f4c                HAL_PCD_EP_ClrStall
 .text.HAL_PCD_EP_Abort
                0x08002ff8       0x62 ./Drivers/STM32F4xx_HAL_Driver/Src/stm32f4xx_hal_pcd.o
                0x08002ff8                HAL_PCD_EP_Abort
 .text.PCD_WriteEmptyTxFifo
                0x0800305a      0x118 ./Drivers/STM32F4xx_HAL_Driver/Src/stm32f4xx_hal_pcd.o
 *fill*         0x08003172        0x2 
 .text.PCD_EP_OutXfrComplete_int
                0x08003174      0x1d0 ./Drivers/STM32F4xx_HAL_Driver/Src/stm32f4xx_hal_pcd.o
 .text.PCD_EP_OutSetupPacket_int
                0x08003344       0x8c ./Drivers/STM32F4xx_HAL_Driver/Src/stm32f4xx_hal_pcd.o
 .text.HAL_PCDEx_SetTxFiFo
                0x080033d0       0x8e ./Drivers/STM32F4xx_HAL_Driver/Src/stm32f4xx_hal_pcd_ex.o
                0x080033d0                HAL_PCDEx_SetTxFiFo
 .text.HAL_PCDEx_SetRxFiFo
                0x0800345e       0x22 ./Drivers/STM32F4xx_HAL_Driver/Src/stm32f4xx_hal_pcd_ex.o
                0x0800345e                HAL_PCDEx_SetRxFiFo
 .text.HAL_PCDEx_LPM_Callback
                0x08003480       0x18 ./Drivers/STM32F4xx_HAL_Driver/Src/stm32f4xx_hal_pcd_ex.o
                0x08003480                HAL_PCDEx_LPM_Callback
 .text.HAL_RCC_OscConfig
                0x08003498      0x4f0 ./Drivers/STM32F4xx_HAL_Driver/Src/stm32f4xx_hal_rcc.o
                0x08003498                HAL_RCC_OscConfig
 .text.HAL_RCC_ClockConfig
                0x08003988      0x1cc ./Drivers/STM32F4xx_HAL_Driver/Src/stm32f4xx_hal_rcc.o
                0x08003988                HAL_RCC_ClockConfig
 .text.HAL_RCC_GetSysClockFreq
                0x08003b54      0x20c ./Drivers/STM32F4xx_HAL_Driver/Src/stm32f4xx_hal_rcc.o
                0x08003b54                HAL_RCC_GetSysClockFreq
 .text.HAL_RCC_GetHCLKFreq
                0x08003d60       0x18 ./Drivers/STM32F4xx_HAL_Driver/Src/stm32f4xx_hal_rcc.o
                0x08003d60                HAL_RCC_GetHCLKFreq
 .text.HAL_RCC_DeInit
                0x08003d78      0x19c ./Drivers/STM32F4xx_HAL_Driver/Src/stm32f4xx_hal_rcc_ex.o
                0x08003d78                HAL_RCC_DeInit
 .text.USB_CoreInit
                0x08003f14       0xc8 ./Drivers/STM32F4xx_HAL_Driver/Src/stm32f4xx_ll_usb.o
                0x08003f14                USB_CoreInit
 .text.USB_SetTurnaroundTime
                0x08003fdc      0x144 ./Drivers/STM32F4xx_HAL_Driver/Src/stm32f4xx_ll_usb.o
                0x08003fdc                USB_SetTurnaroundTime
 .text.USB_EnableGlobalInt
                0x08004120       0x22 ./Drivers/STM32F4xx_HAL_Driver/Src/stm32f4xx_ll_usb.o
                0x08004120                USB_EnableGlobalInt
 .text.USB_DisableGlobalInt
                0x08004142       0x22 ./Drivers/STM32F4xx_HAL_Driver/Src/stm32f4xx_ll_usb.o
                0x08004142                USB_DisableGlobalInt
 .text.USB_SetCurrentMode
                0x08004164       0x98 ./Drivers/STM32F4xx_HAL_Driver/Src/stm32f4xx_ll_usb.o
                0x08004164                USB_SetCurrentMode
 .text.USB_DevInit
                0x080041fc      0x2c8 ./Drivers/STM32F4xx_HAL_Driver/Src/stm32f4xx_ll_usb.o
                0x080041fc                USB_DevInit
 .text.USB_FlushTxFifo
                0x080044c4       0x64 ./Drivers/STM32F4xx_HAL_Driver/Src/stm32f4xx_ll_usb.o
                0x080044c4                USB_FlushTxFifo
 .text.USB_FlushRxFifo
                0x08004528       0x5c ./Drivers/STM32F4xx_HAL_Driver/Src/stm32f4xx_ll_usb.o
                0x08004528                USB_FlushRxFifo
 .text.USB_SetDevSpeed
                0x08004584       0x32 ./Drivers/STM32F4xx_HAL_Driver/Src/stm32f4xx_ll_usb.o
                0x08004584                USB_SetDevSpeed
 .text.USB_GetDevSpeed
                0x080045b6       0x4a ./Drivers/STM32F4xx_HAL_Driver/Src/stm32f4xx_ll_usb.o
                0x080045b6                USB_GetDevSpeed
 .text.USB_ActivateEndpoint
                0x08004600      0x10e ./Drivers/STM32F4xx_HAL_Driver/Src/stm32f4xx_ll_usb.o
                0x08004600                USB_ActivateEndpoint
 *fill*         0x0800470e        0x2 
 .text.USB_DeactivateEndpoint
                0x08004710      0x1b8 ./Drivers/STM32F4xx_HAL_Driver/Src/stm32f4xx_ll_usb.o
                0x08004710                USB_DeactivateEndpoint
 .text.USB_EPStartXfer
                0x080048c8      0x53c ./Drivers/STM32F4xx_HAL_Driver/Src/stm32f4xx_ll_usb.o
                0x080048c8                USB_EPStartXfer
 .text.USB_EPStopXfer
                0x08004e04      0x154 ./Drivers/STM32F4xx_HAL_Driver/Src/stm32f4xx_ll_usb.o
                0x08004e04                USB_EPStopXfer
 .text.USB_WritePacket
                0x08004f58       0x7c ./Drivers/STM32F4xx_HAL_Driver/Src/stm32f4xx_ll_usb.o
                0x08004f58                USB_WritePacket
 .text.USB_ReadPacket
                0x08004fd4       0xb0 ./Drivers/STM32F4xx_HAL_Driver/Src/stm32f4xx_ll_usb.o
                0x08004fd4                USB_ReadPacket
 .text.USB_EPSetStall
                0x08005084       0xdc ./Drivers/STM32F4xx_HAL_Driver/Src/stm32f4xx_ll_usb.o
                0x08005084                USB_EPSetStall
 .text.USB_EPClearStall
                0x08005160       0xcc ./Drivers/STM32F4xx_HAL_Driver/Src/stm32f4xx_ll_usb.o
                0x08005160                USB_EPClearStall
 .text.USB_StopDevice
                0x0800522c       0x9e ./Drivers/STM32F4xx_HAL_Driver/Src/stm32f4xx_ll_usb.o
                0x0800522c                USB_StopDevice
 .text.USB_SetDevAddress
                0x080052ca       0x4c ./Drivers/STM32F4xx_HAL_Driver/Src/stm32f4xx_ll_usb.o
                0x080052ca                USB_SetDevAddress
 .text.USB_DevConnect
                0x08005316       0x42 ./Drivers/STM32F4xx_HAL_Driver/Src/stm32f4xx_ll_usb.o
                0x08005316                USB_DevConnect
 .text.USB_DevDisconnect
                0x08005358       0x42 ./Drivers/STM32F4xx_HAL_Driver/Src/stm32f4xx_ll_usb.o
                0x08005358                USB_DevDisconnect
 .text.USB_ReadInterrupts
                0x0800539a       0x26 ./Drivers/STM32F4xx_HAL_Driver/Src/stm32f4xx_ll_usb.o
                0x0800539a                USB_ReadInterrupts
 .text.USB_ReadDevAllOutEpInterrupt
                0x080053c0       0x34 ./Drivers/STM32F4xx_HAL_Driver/Src/stm32f4xx_ll_usb.o
                0x080053c0                USB_ReadDevAllOutEpInterrupt
 .text.USB_ReadDevAllInEpInterrupt
                0x080053f4       0x34 ./Drivers/STM32F4xx_HAL_Driver/Src/stm32f4xx_ll_usb.o
                0x080053f4                USB_ReadDevAllInEpInterrupt
 .text.USB_ReadDevOutEPInterrupt
                0x08005428       0x3c ./Drivers/STM32F4xx_HAL_Driver/Src/stm32f4xx_ll_usb.o
                0x08005428                USB_ReadDevOutEPInterrupt
 .text.USB_ReadDevInEPInterrupt
                0x08005464       0x5c ./Drivers/STM32F4xx_HAL_Driver/Src/stm32f4xx_ll_usb.o
                0x08005464                USB_ReadDevInEPInterrupt
 .text.USB_GetMode
                0x080054c0       0x1c ./Drivers/STM32F4xx_HAL_Driver/Src/stm32f4xx_ll_usb.o
                0x080054c0                USB_GetMode
 .text.USB_ActivateSetup
                0x080054dc       0x46 ./Drivers/STM32F4xx_HAL_Driver/Src/stm32f4xx_ll_usb.o
                0x080054dc                USB_ActivateSetup
 *fill*         0x08005522        0x2 
 .text.USB_EP0_OutStart
                0x08005524       0xbc ./Drivers/STM32F4xx_HAL_Driver/Src/stm32f4xx_ll_usb.o
                0x08005524                USB_EP0_OutStart
 .text.USB_CoreReset
                0x080055e0       0x62 ./Drivers/STM32F4xx_HAL_Driver/Src/stm32f4xx_ll_usb.o
 *fill*         0x08005642        0x2 
 .text.USBD_CDC_Init
                0x08005644      0x1f0 ./Middlewares/ST/STM32_USB_Device_Library/Class/CDC/Src/usbd_cdc.o
 .text.USBD_CDC_DeInit
                0x08005834      0x104 ./Middlewares/ST/STM32_USB_Device_Library/Class/CDC/Src/usbd_cdc.o
 .text.USBD_CDC_Setup
                0x08005938      0x1b8 ./Middlewares/ST/STM32_USB_Device_Library/Class/CDC/Src/usbd_cdc.o
 .text.USBD_CDC_DataIn
                0x08005af0       0xfe ./Middlewares/ST/STM32_USB_Device_Library/Class/CDC/Src/usbd_cdc.o
 .text.USBD_CDC_DataOut
                0x08005bee       0x70 ./Middlewares/ST/STM32_USB_Device_Library/Class/CDC/Src/usbd_cdc.o
 .text.USBD_CDC_EP0_RxReady
                0x08005c5e       0x74 ./Middlewares/ST/STM32_USB_Device_Library/Class/CDC/Src/usbd_cdc.o
 *fill*         0x08005cd2        0x2 
 .text.USBD_CDC_GetFSCfgDesc
                0x08005cd4       0x70 ./Middlewares/ST/STM32_USB_Device_Library/Class/CDC/Src/usbd_cdc.o
 .text.USBD_CDC_GetHSCfgDesc
                0x08005d44       0x70 ./Middlewares/ST/STM32_USB_Device_Library/Class/CDC/Src/usbd_cdc.o
 .text.USBD_CDC_GetOtherSpeedCfgDesc
                0x08005db4       0x70 ./Middlewares/ST/STM32_USB_Device_Library/Class/CDC/Src/usbd_cdc.o
 .text.USBD_CDC_GetDeviceQualifierDescriptor
                0x08005e24       0x20 ./Middlewares/ST/STM32_USB_Device_Library/Class/CDC/Src/usbd_cdc.o
                0x08005e24                USBD_CDC_GetDeviceQualifierDescriptor
 .text.USBD_CDC_RegisterInterface
                0x08005e44       0x34 ./Middlewares/ST/STM32_USB_Device_Library/Class/CDC/Src/usbd_cdc.o
                0x08005e44                USBD_CDC_RegisterInterface
 .text.USBD_CDC_SetTxBuffer
                0x08005e78       0x44 ./Middlewares/ST/STM32_USB_Device_Library/Class/CDC/Src/usbd_cdc.o
                0x08005e78                USBD_CDC_SetTxBuffer
 .text.USBD_CDC_SetRxBuffer
                0x08005ebc       0x3a ./Middlewares/ST/STM32_USB_Device_Library/Class/CDC/Src/usbd_cdc.o
                0x08005ebc                USBD_CDC_SetRxBuffer
 *fill*         0x08005ef6        0x2 
 .text.USBD_CDC_TransmitPacket
                0x08005ef8       0x80 ./Middlewares/ST/STM32_USB_Device_Library/Class/CDC/Src/usbd_cdc.o
                0x08005ef8                USBD_CDC_TransmitPacket
 .text.USBD_CDC_ReceivePacket
                0x08005f78       0x6c ./Middlewares/ST/STM32_USB_Device_Library/Class/CDC/Src/usbd_cdc.o
                0x08005f78                USBD_CDC_ReceivePacket
 .text.USBD_Init
                0x08005fe4       0x60 ./Middlewares/ST/STM32_USB_Device_Library/Core/Src/usbd_core.o
                0x08005fe4                USBD_Init
 .text.USBD_DeInit
                0x08006044       0x60 ./Middlewares/ST/STM32_USB_Device_Library/Core/Src/usbd_core.o
                0x08006044                USBD_DeInit
 .text.USBD_RegisterClass
                0x080060a4       0x6c ./Middlewares/ST/STM32_USB_Device_Library/Core/Src/usbd_core.o
                0x080060a4                USBD_RegisterClass
 .text.USBD_Start
                0x08006110       0x18 ./Middlewares/ST/STM32_USB_Device_Library/Core/Src/usbd_core.o
                0x08006110                USBD_Start
 .text.USBD_RunTestMode
                0x08006128       0x16 ./Middlewares/ST/STM32_USB_Device_Library/Core/Src/usbd_core.o
                0x08006128                USBD_RunTestMode
 .text.USBD_SetClassConfig
                0x0800613e       0x38 ./Middlewares/ST/STM32_USB_Device_Library/Core/Src/usbd_core.o
                0x0800613e                USBD_SetClassConfig
 .text.USBD_ClrClassConfig
                0x08006176       0x34 ./Middlewares/ST/STM32_USB_Device_Library/Core/Src/usbd_core.o
                0x08006176                USBD_ClrClassConfig
 .text.USBD_LL_SetupStage
                0x080061aa       0xaa ./Middlewares/ST/STM32_USB_Device_Library/Core/Src/usbd_core.o
                0x080061aa                USBD_LL_SetupStage
 .text.USBD_LL_DataOutStage
                0x08006254      0x166 ./Middlewares/ST/STM32_USB_Device_Library/Core/Src/usbd_core.o
                0x08006254                USBD_LL_DataOutStage
 .text.USBD_LL_DataInStage
                0x080063ba      0x164 ./Middlewares/ST/STM32_USB_Device_Library/Core/Src/usbd_core.o
                0x080063ba                USBD_LL_DataInStage
 .text.USBD_LL_Reset
                0x0800651e       0xa4 ./Middlewares/ST/STM32_USB_Device_Library/Core/Src/usbd_core.o
                0x0800651e                USBD_LL_Reset
 .text.USBD_LL_SetSpeed
                0x080065c2       0x20 ./Middlewares/ST/STM32_USB_Device_Library/Core/Src/usbd_core.o
                0x080065c2                USBD_LL_SetSpeed
 .text.USBD_LL_Suspend
                0x080065e2       0x38 ./Middlewares/ST/STM32_USB_Device_Library/Core/Src/usbd_core.o
                0x080065e2                USBD_LL_Suspend
 .text.USBD_LL_Resume
                0x0800661a       0x30 ./Middlewares/ST/STM32_USB_Device_Library/Core/Src/usbd_core.o
                0x0800661a                USBD_LL_Resume
 .text.USBD_LL_SOF
                0x0800664a       0x40 ./Middlewares/ST/STM32_USB_Device_Library/Core/Src/usbd_core.o
                0x0800664a                USBD_LL_SOF
 .text.USBD_LL_IsoINIncomplete
                0x0800668a       0x64 ./Middlewares/ST/STM32_USB_Device_Library/Core/Src/usbd_core.o
                0x0800668a                USBD_LL_IsoINIncomplete
 .text.USBD_LL_IsoOUTIncomplete
                0x080066ee       0x64 ./Middlewares/ST/STM32_USB_Device_Library/Core/Src/usbd_core.o
                0x080066ee                USBD_LL_IsoOUTIncomplete
 .text.USBD_LL_DevConnected
                0x08006752       0x16 ./Middlewares/ST/STM32_USB_Device_Library/Core/Src/usbd_core.o
                0x08006752                USBD_LL_DevConnected
 .text.USBD_LL_DevDisconnected
                0x08006768       0x46 ./Middlewares/ST/STM32_USB_Device_Library/Core/Src/usbd_core.o
                0x08006768                USBD_LL_DevDisconnected
 .text.USBD_CoreFindIF
                0x080067ae       0x1a ./Middlewares/ST/STM32_USB_Device_Library/Core/Src/usbd_core.o
                0x080067ae                USBD_CoreFindIF
 .text.USBD_CoreFindEP
                0x080067c8       0x1a ./Middlewares/ST/STM32_USB_Device_Library/Core/Src/usbd_core.o
                0x080067c8                USBD_CoreFindEP
 .text.USBD_GetEpDesc
                0x080067e2       0x70 ./Middlewares/ST/STM32_USB_Device_Library/Core/Src/usbd_core.o
                0x080067e2                USBD_GetEpDesc
 .text.USBD_GetNextDesc
                0x08006852       0x38 ./Middlewares/ST/STM32_USB_Device_Library/Core/Src/usbd_core.o
                0x08006852                USBD_GetNextDesc
 .text.SWAPBYTE
                0x0800688a       0x3c ./Middlewares/ST/STM32_USB_Device_Library/Core/Src/usbd_ctlreq.o
 *fill*         0x080068c6        0x2 
 .text.USBD_StdDevReq
                0x080068c8       0xe4 ./Middlewares/ST/STM32_USB_Device_Library/Core/Src/usbd_ctlreq.o
                0x080068c8                USBD_StdDevReq
 .text.USBD_StdItfReq
                0x080069ac       0xd8 ./Middlewares/ST/STM32_USB_Device_Library/Core/Src/usbd_ctlreq.o
                0x080069ac                USBD_StdItfReq
 .text.USBD_StdEPReq
                0x08006a84      0x33a ./Middlewares/ST/STM32_USB_Device_Library/Core/Src/usbd_ctlreq.o
                0x08006a84                USBD_StdEPReq
 *fill*         0x08006dbe        0x2 
 .text.USBD_GetDescriptor
                0x08006dc0      0x2d4 ./Middlewares/ST/STM32_USB_Device_Library/Core/Src/usbd_ctlreq.o
 .text.USBD_SetAddress
                0x08007094       0x88 ./Middlewares/ST/STM32_USB_Device_Library/Core/Src/usbd_ctlreq.o
 .text.USBD_SetConfig
                0x0800711c      0x154 ./Middlewares/ST/STM32_USB_Device_Library/Core/Src/usbd_ctlreq.o
 .text.USBD_GetConfig
                0x08007270       0x6c ./Middlewares/ST/STM32_USB_Device_Library/Core/Src/usbd_ctlreq.o
 .text.USBD_GetStatus
                0x080072dc       0x68 ./Middlewares/ST/STM32_USB_Device_Library/Core/Src/usbd_ctlreq.o
 .text.USBD_SetFeature
                0x08007344       0x52 ./Middlewares/ST/STM32_USB_Device_Library/Core/Src/usbd_ctlreq.o
 .text.USBD_ClrFeature
                0x08007396       0x44 ./Middlewares/ST/STM32_USB_Device_Library/Core/Src/usbd_ctlreq.o
 .text.USBD_ParseSetupRequest
                0x080073da       0x74 ./Middlewares/ST/STM32_USB_Device_Library/Core/Src/usbd_ctlreq.o
                0x080073da                USBD_ParseSetupRequest
 .text.USBD_CtlError
                0x0800744e       0x22 ./Middlewares/ST/STM32_USB_Device_Library/Core/Src/usbd_ctlreq.o
                0x0800744e                USBD_CtlError
 .text.USBD_GetString
                0x08007470       0xa4 ./Middlewares/ST/STM32_USB_Device_Library/Core/Src/usbd_ctlreq.o
                0x08007470                USBD_GetString
 .text.USBD_GetLen
                0x08007514       0x34 ./Middlewares/ST/STM32_USB_Device_Library/Core/Src/usbd_ctlreq.o
 .text.USBD_CtlSendData
                0x08007548       0x36 ./Middlewares/ST/STM32_USB_Device_Library/Core/Src/usbd_ioreq.o
                0x08007548                USBD_CtlSendData
 .text.USBD_CtlContinueSendData
                0x0800757e       0x22 ./Middlewares/ST/STM32_USB_Device_Library/Core/Src/usbd_ioreq.o
                0x0800757e                USBD_CtlContinueSendData
 .text.USBD_CtlPrepareRx
                0x080075a0       0x3a ./Middlewares/ST/STM32_USB_Device_Library/Core/Src/usbd_ioreq.o
                0x080075a0                USBD_CtlPrepareRx
 .text.USBD_CtlContinueRx
                0x080075da       0x22 ./Middlewares/ST/STM32_USB_Device_Library/Core/Src/usbd_ioreq.o
                0x080075da                USBD_CtlContinueRx
 .text.USBD_CtlSendStatus
                0x080075fc       0x26 ./Middlewares/ST/STM32_USB_Device_Library/Core/Src/usbd_ioreq.o
                0x080075fc                USBD_CtlSendStatus
 .text.USBD_CtlReceiveStatus
                0x08007622       0x26 ./Middlewares/ST/STM32_USB_Device_Library/Core/Src/usbd_ioreq.o
                0x08007622                USBD_CtlReceiveStatus
 .text.MX_USB_DEVICE_Init
                0x08007648       0x60 ./USB_DEVICE/App/usb_device.o
                0x08007648                MX_USB_DEVICE_Init
 .text.CDC_Init_FS
                0x080076a8       0x28 ./USB_DEVICE/App/usbd_cdc_if.o
 .text.CDC_DeInit_FS
                0x080076d0       0x10 ./USB_DEVICE/App/usbd_cdc_if.o
 .text.CDC_Control_FS
                0x080076e0       0xbc ./USB_DEVICE/App/usbd_cdc_if.o
 .text.CDC_Receive_FS
                0x0800779c       0x6c ./USB_DEVICE/App/usbd_cdc_if.o
 .text.CDC_Transmit_FS
                0x08007808       0x4c ./USB_DEVICE/App/usbd_cdc_if.o
                0x08007808                CDC_Transmit_FS
 .text.CDC_TransmitCplt_FS
                0x08007854       0x22 ./USB_DEVICE/App/usbd_cdc_if.o
 *fill*         0x08007876        0x2 
 .text.USBD_FS_DeviceDescriptor
                0x08007878       0x24 ./USB_DEVICE/App/usbd_desc.o
                0x08007878                USBD_FS_DeviceDescriptor
 .text.USBD_FS_LangIDStrDescriptor
                0x0800789c       0x24 ./USB_DEVICE/App/usbd_desc.o
                0x0800789c                USBD_FS_LangIDStrDescriptor
 .text.USBD_FS_ProductStrDescriptor
                0x080078c0       0x3c ./USB_DEVICE/App/usbd_desc.o
                0x080078c0                USBD_FS_ProductStrDescriptor
 .text.USBD_FS_ManufacturerStrDescriptor
                0x080078fc       0x28 ./USB_DEVICE/App/usbd_desc.o
                0x080078fc                USBD_FS_ManufacturerStrDescriptor
 .text.USBD_FS_SerialStrDescriptor
                0x08007924       0x24 ./USB_DEVICE/App/usbd_desc.o
                0x08007924                USBD_FS_SerialStrDescriptor
 .text.USBD_FS_ConfigStrDescriptor
                0x08007948       0x3c ./USB_DEVICE/App/usbd_desc.o
                0x08007948                USBD_FS_ConfigStrDescriptor
 .text.USBD_FS_InterfaceStrDescriptor
                0x08007984       0x3c ./USB_DEVICE/App/usbd_desc.o
                0x08007984                USBD_FS_InterfaceStrDescriptor
 .text.Get_SerialNum
                0x080079c0       0x58 ./USB_DEVICE/App/usbd_desc.o
 .text.IntToUnicode
                0x08007a18       0x7e ./USB_DEVICE/App/usbd_desc.o
 *fill*         0x08007a96        0x2 
 .text.HAL_PCD_MspInit
                0x08007a98       0xa8 ./USB_DEVICE/Target/usbd_conf.o
                0x08007a98                HAL_PCD_MspInit
 .text.HAL_PCD_MspDeInit
                0x08007b40       0x40 ./USB_DEVICE/Target/usbd_conf.o
                0x08007b40                HAL_PCD_MspDeInit
 .text.HAL_PCD_SetupStageCallback
                0x08007b80       0x24 ./USB_DEVICE/Target/usbd_conf.o
                0x08007b80                HAL_PCD_SetupStageCallback
 .text.HAL_PCD_DataOutStageCallback
                0x08007ba4       0x36 ./USB_DEVICE/Target/usbd_conf.o
                0x08007ba4                HAL_PCD_DataOutStageCallback
 .text.HAL_PCD_DataInStageCallback
                0x08007bda       0x34 ./USB_DEVICE/Target/usbd_conf.o
                0x08007bda                HAL_PCD_DataInStageCallback
 .text.HAL_PCD_SOFCallback
                0x08007c0e       0x1c ./USB_DEVICE/Target/usbd_conf.o
                0x08007c0e                HAL_PCD_SOFCallback
 .text.HAL_PCD_ResetCallback
                0x08007c2a       0x50 ./USB_DEVICE/Target/usbd_conf.o
                0x08007c2a                HAL_PCD_ResetCallback
 *fill*         0x08007c7a        0x2 
 .text.HAL_PCD_SuspendCallback
                0x08007c7c       0x4c ./USB_DEVICE/Target/usbd_conf.o
                0x08007c7c                HAL_PCD_SuspendCallback
 .text.HAL_PCD_ResumeCallback
                0x08007cc8       0x1c ./USB_DEVICE/Target/usbd_conf.o
                0x08007cc8                HAL_PCD_ResumeCallback
 .text.HAL_PCD_ISOOUTIncompleteCallback
                0x08007ce4       0x24 ./USB_DEVICE/Target/usbd_conf.o
                0x08007ce4                HAL_PCD_ISOOUTIncompleteCallback
 .text.HAL_PCD_ISOINIncompleteCallback
                0x08007d08       0x24 ./USB_DEVICE/Target/usbd_conf.o
                0x08007d08                HAL_PCD_ISOINIncompleteCallback
 .text.HAL_PCD_ConnectCallback
                0x08007d2c       0x1c ./USB_DEVICE/Target/usbd_conf.o
                0x08007d2c                HAL_PCD_ConnectCallback
 .text.HAL_PCD_DisconnectCallback
                0x08007d48       0x1c ./USB_DEVICE/Target/usbd_conf.o
                0x08007d48                HAL_PCD_DisconnectCallback
 .text.USBD_LL_Init
                0x08007d64       0x98 ./USB_DEVICE/Target/usbd_conf.o
                0x08007d64                USBD_LL_Init
 .text.USBD_LL_DeInit
                0x08007dfc       0x36 ./USB_DEVICE/Target/usbd_conf.o
                0x08007dfc                USBD_LL_DeInit
 .text.USBD_LL_Start
                0x08007e32       0x36 ./USB_DEVICE/Target/usbd_conf.o
                0x08007e32                USBD_LL_Start
 .text.USBD_LL_Stop
                0x08007e68       0x36 ./USB_DEVICE/Target/usbd_conf.o
                0x08007e68                USBD_LL_Stop
 .text.USBD_LL_OpenEP
                0x08007e9e       0x4c ./USB_DEVICE/Target/usbd_conf.o
                0x08007e9e                USBD_LL_OpenEP
 .text.USBD_LL_CloseEP
                0x08007eea       0x3e ./USB_DEVICE/Target/usbd_conf.o
                0x08007eea                USBD_LL_CloseEP
 .text.USBD_LL_StallEP
                0x08007f28       0x3e ./USB_DEVICE/Target/usbd_conf.o
                0x08007f28                USBD_LL_StallEP
 .text.USBD_LL_ClearStallEP
                0x08007f66       0x3e ./USB_DEVICE/Target/usbd_conf.o
                0x08007f66                USBD_LL_ClearStallEP
 .text.USBD_LL_IsStallEP
                0x08007fa4       0x58 ./USB_DEVICE/Target/usbd_conf.o
                0x08007fa4                USBD_LL_IsStallEP
 .text.USBD_LL_SetUSBAddress
                0x08007ffc       0x3e ./USB_DEVICE/Target/usbd_conf.o
                0x08007ffc                USBD_LL_SetUSBAddress
 .text.USBD_LL_Transmit
                0x0800803a       0x42 ./USB_DEVICE/Target/usbd_conf.o
                0x0800803a                USBD_LL_Transmit
 .text.USBD_LL_PrepareReceive
                0x0800807c       0x42 ./USB_DEVICE/Target/usbd_conf.o
                0x0800807c                USBD_LL_PrepareReceive
 .text.USBD_LL_GetRxDataSize
                0x080080be       0x26 ./USB_DEVICE/Target/usbd_conf.o
                0x080080be                USBD_LL_GetRxDataSize
 .text.USBD_static_malloc
                0x080080e4       0x1c ./USB_DEVICE/Target/usbd_conf.o
                0x080080e4                USBD_static_malloc
 .text.USBD_static_free
                0x08008100       0x14 ./USB_DEVICE/Target/usbd_conf.o
                0x08008100                USBD_static_free
 .text.USBD_Get_USB_Status
                0x08008114       0x58 ./USB_DEVICE/Target/usbd_conf.o
                0x08008114                USBD_Get_USB_Status
 .text.std      0x0800816c       0x6c D:/stm32ide/STM32CubeIDE_1.17.0/STM32CubeIDE/plugins/com.st.stm32cube.ide.mcu.externaltools.gnu-tools-for-stm32.12.3.rel1.win32_1.1.0.202410251130/tools/bin/../lib/gcc/arm-none-eabi/12.3.1/../../../../arm-none-eabi/lib/thumb/v7e-m+fp/hard\libc_nano.a(libc_a-findfp.o)
 .text.stdio_exit_handler
                0x080081d8       0x18 D:/stm32ide/STM32CubeIDE_1.17.0/STM32CubeIDE/plugins/com.st.stm32cube.ide.mcu.externaltools.gnu-tools-for-stm32.12.3.rel1.win32_1.1.0.202410251130/tools/bin/../lib/gcc/arm-none-eabi/12.3.1/../../../../arm-none-eabi/lib/thumb/v7e-m+fp/hard\libc_nano.a(libc_a-findfp.o)
 .text.cleanup_stdio
                0x080081f0       0x40 D:/stm32ide/STM32CubeIDE_1.17.0/STM32CubeIDE/plugins/com.st.stm32cube.ide.mcu.externaltools.gnu-tools-for-stm32.12.3.rel1.win32_1.1.0.202410251130/tools/bin/../lib/gcc/arm-none-eabi/12.3.1/../../../../arm-none-eabi/lib/thumb/v7e-m+fp/hard\libc_nano.a(libc_a-findfp.o)
 .text.global_stdio_init.part.0
                0x08008230       0x3c D:/stm32ide/STM32CubeIDE_1.17.0/STM32CubeIDE/plugins/com.st.stm32cube.ide.mcu.externaltools.gnu-tools-for-stm32.12.3.rel1.win32_1.1.0.202410251130/tools/bin/../lib/gcc/arm-none-eabi/12.3.1/../../../../arm-none-eabi/lib/thumb/v7e-m+fp/hard\libc_nano.a(libc_a-findfp.o)
 .text.__sfp_lock_acquire
                0x0800826c        0xc D:/stm32ide/STM32CubeIDE_1.17.0/STM32CubeIDE/plugins/com.st.stm32cube.ide.mcu.externaltools.gnu-tools-for-stm32.12.3.rel1.win32_1.1.0.202410251130/tools/bin/../lib/gcc/arm-none-eabi/12.3.1/../../../../arm-none-eabi/lib/thumb/v7e-m+fp/hard\libc_nano.a(libc_a-findfp.o)
                0x0800826c                __sfp_lock_acquire
 .text.__sfp_lock_release
                0x08008278        0xc D:/stm32ide/STM32CubeIDE_1.17.0/STM32CubeIDE/plugins/com.st.stm32cube.ide.mcu.externaltools.gnu-tools-for-stm32.12.3.rel1.win32_1.1.0.202410251130/tools/bin/../lib/gcc/arm-none-eabi/12.3.1/../../../../arm-none-eabi/lib/thumb/v7e-m+fp/hard\libc_nano.a(libc_a-findfp.o)
                0x08008278                __sfp_lock_release
 .text.__sinit  0x08008284       0x30 D:/stm32ide/STM32CubeIDE_1.17.0/STM32CubeIDE/plugins/com.st.stm32cube.ide.mcu.externaltools.gnu-tools-for-stm32.12.3.rel1.win32_1.1.0.202410251130/tools/bin/../lib/gcc/arm-none-eabi/12.3.1/../../../../arm-none-eabi/lib/thumb/v7e-m+fp/hard\libc_nano.a(libc_a-findfp.o)
                0x08008284                __sinit
 .text._fwalk_sglue
                0x080082b4       0x3c D:/stm32ide/STM32CubeIDE_1.17.0/STM32CubeIDE/plugins/com.st.stm32cube.ide.mcu.externaltools.gnu-tools-for-stm32.12.3.rel1.win32_1.1.0.202410251130/tools/bin/../lib/gcc/arm-none-eabi/12.3.1/../../../../arm-none-eabi/lib/thumb/v7e-m+fp/hard\libc_nano.a(libc_a-fwalk.o)
                0x080082b4                _fwalk_sglue
 .text.printf   0x080082f0       0x24 D:/stm32ide/STM32CubeIDE_1.17.0/STM32CubeIDE/plugins/com.st.stm32cube.ide.mcu.externaltools.gnu-tools-for-stm32.12.3.rel1.win32_1.1.0.202410251130/tools/bin/../lib/gcc/arm-none-eabi/12.3.1/../../../../arm-none-eabi/lib/thumb/v7e-m+fp/hard\libc_nano.a(libc_a-printf.o)
                0x080082f0                iprintf
                0x080082f0                printf
 .text._puts_r  0x08008314       0xaa D:/stm32ide/STM32CubeIDE_1.17.0/STM32CubeIDE/plugins/com.st.stm32cube.ide.mcu.externaltools.gnu-tools-for-stm32.12.3.rel1.win32_1.1.0.202410251130/tools/bin/../lib/gcc/arm-none-eabi/12.3.1/../../../../arm-none-eabi/lib/thumb/v7e-m+fp/hard\libc_nano.a(libc_a-puts.o)
                0x08008314                _puts_r
 *fill*         0x080083be        0x2 
 .text.puts     0x080083c0       0x10 D:/stm32ide/STM32CubeIDE_1.17.0/STM32CubeIDE/plugins/com.st.stm32cube.ide.mcu.externaltools.gnu-tools-for-stm32.12.3.rel1.win32_1.1.0.202410251130/tools/bin/../lib/gcc/arm-none-eabi/12.3.1/../../../../arm-none-eabi/lib/thumb/v7e-m+fp/hard\libc_nano.a(libc_a-puts.o)
                0x080083c0                puts
 .text.__sread  0x080083d0       0x22 D:/stm32ide/STM32CubeIDE_1.17.0/STM32CubeIDE/plugins/com.st.stm32cube.ide.mcu.externaltools.gnu-tools-for-stm32.12.3.rel1.win32_1.1.0.202410251130/tools/bin/../lib/gcc/arm-none-eabi/12.3.1/../../../../arm-none-eabi/lib/thumb/v7e-m+fp/hard\libc_nano.a(libc_a-stdio.o)
                0x080083d0                __sread
 .text.__swrite
                0x080083f2       0x38 D:/stm32ide/STM32CubeIDE_1.17.0/STM32CubeIDE/plugins/com.st.stm32cube.ide.mcu.externaltools.gnu-tools-for-stm32.12.3.rel1.win32_1.1.0.202410251130/tools/bin/../lib/gcc/arm-none-eabi/12.3.1/../../../../arm-none-eabi/lib/thumb/v7e-m+fp/hard\libc_nano.a(libc_a-stdio.o)
                0x080083f2                __swrite
 .text.__sseek  0x0800842a       0x24 D:/stm32ide/STM32CubeIDE_1.17.0/STM32CubeIDE/plugins/com.st.stm32cube.ide.mcu.externaltools.gnu-tools-for-stm32.12.3.rel1.win32_1.1.0.202410251130/tools/bin/../lib/gcc/arm-none-eabi/12.3.1/../../../../arm-none-eabi/lib/thumb/v7e-m+fp/hard\libc_nano.a(libc_a-stdio.o)
                0x0800842a                __sseek
 .text.__sclose
                0x0800844e        0x8 D:/stm32ide/STM32CubeIDE_1.17.0/STM32CubeIDE/plugins/com.st.stm32cube.ide.mcu.externaltools.gnu-tools-for-stm32.12.3.rel1.win32_1.1.0.202410251130/tools/bin/../lib/gcc/arm-none-eabi/12.3.1/../../../../arm-none-eabi/lib/thumb/v7e-m+fp/hard\libc_nano.a(libc_a-stdio.o)
                0x0800844e                __sclose
 .text.__swbuf_r
                0x08008456       0x7c D:/stm32ide/STM32CubeIDE_1.17.0/STM32CubeIDE/plugins/com.st.stm32cube.ide.mcu.externaltools.gnu-tools-for-stm32.12.3.rel1.win32_1.1.0.202410251130/tools/bin/../lib/gcc/arm-none-eabi/12.3.1/../../../../arm-none-eabi/lib/thumb/v7e-m+fp/hard\libc_nano.a(libc_a-wbuf.o)
                0x08008456                __swbuf_r
 *fill*         0x080084d2        0x2 
 .text.__swsetup_r
                0x080084d4       0xac D:/stm32ide/STM32CubeIDE_1.17.0/STM32CubeIDE/plugins/com.st.stm32cube.ide.mcu.externaltools.gnu-tools-for-stm32.12.3.rel1.win32_1.1.0.202410251130/tools/bin/../lib/gcc/arm-none-eabi/12.3.1/../../../../arm-none-eabi/lib/thumb/v7e-m+fp/hard\libc_nano.a(libc_a-wsetup.o)
                0x080084d4                __swsetup_r
 .text.memset   0x08008580       0x10 D:/stm32ide/STM32CubeIDE_1.17.0/STM32CubeIDE/plugins/com.st.stm32cube.ide.mcu.externaltools.gnu-tools-for-stm32.12.3.rel1.win32_1.1.0.202410251130/tools/bin/../lib/gcc/arm-none-eabi/12.3.1/../../../../arm-none-eabi/lib/thumb/v7e-m+fp/hard\libc_nano.a(libc_a-memset.o)
                0x08008580                memset
 .text._close_r
                0x08008590       0x20 D:/stm32ide/STM32CubeIDE_1.17.0/STM32CubeIDE/plugins/com.st.stm32cube.ide.mcu.externaltools.gnu-tools-for-stm32.12.3.rel1.win32_1.1.0.202410251130/tools/bin/../lib/gcc/arm-none-eabi/12.3.1/../../../../arm-none-eabi/lib/thumb/v7e-m+fp/hard\libc_nano.a(libc_a-closer.o)
                0x08008590                _close_r
 .text._lseek_r
                0x080085b0       0x24 D:/stm32ide/STM32CubeIDE_1.17.0/STM32CubeIDE/plugins/com.st.stm32cube.ide.mcu.externaltools.gnu-tools-for-stm32.12.3.rel1.win32_1.1.0.202410251130/tools/bin/../lib/gcc/arm-none-eabi/12.3.1/../../../../arm-none-eabi/lib/thumb/v7e-m+fp/hard\libc_nano.a(libc_a-lseekr.o)
                0x080085b0                _lseek_r
 .text._read_r  0x080085d4       0x24 D:/stm32ide/STM32CubeIDE_1.17.0/STM32CubeIDE/plugins/com.st.stm32cube.ide.mcu.externaltools.gnu-tools-for-stm32.12.3.rel1.win32_1.1.0.202410251130/tools/bin/../lib/gcc/arm-none-eabi/12.3.1/../../../../arm-none-eabi/lib/thumb/v7e-m+fp/hard\libc_nano.a(libc_a-readr.o)
                0x080085d4                _read_r
 .text._write_r
                0x080085f8       0x24 D:/stm32ide/STM32CubeIDE_1.17.0/STM32CubeIDE/plugins/com.st.stm32cube.ide.mcu.externaltools.gnu-tools-for-stm32.12.3.rel1.win32_1.1.0.202410251130/tools/bin/../lib/gcc/arm-none-eabi/12.3.1/../../../../arm-none-eabi/lib/thumb/v7e-m+fp/hard\libc_nano.a(libc_a-writer.o)
                0x080085f8                _write_r
 .text.__errno  0x0800861c        0xc D:/stm32ide/STM32CubeIDE_1.17.0/STM32CubeIDE/plugins/com.st.stm32cube.ide.mcu.externaltools.gnu-tools-for-stm32.12.3.rel1.win32_1.1.0.202410251130/tools/bin/../lib/gcc/arm-none-eabi/12.3.1/../../../../arm-none-eabi/lib/thumb/v7e-m+fp/hard\libc_nano.a(libc_a-errno.o)
                0x0800861c                __errno
 .text.__libc_init_array
                0x08008628       0x48 D:/stm32ide/STM32CubeIDE_1.17.0/STM32CubeIDE/plugins/com.st.stm32cube.ide.mcu.externaltools.gnu-tools-for-stm32.12.3.rel1.win32_1.1.0.202410251130/tools/bin/../lib/gcc/arm-none-eabi/12.3.1/../../../../arm-none-eabi/lib/thumb/v7e-m+fp/hard\libc_nano.a(libc_a-init.o)
                0x08008628                __libc_init_array
 .text.__retarget_lock_init_recursive
                0x08008670        0x2 D:/stm32ide/STM32CubeIDE_1.17.0/STM32CubeIDE/plugins/com.st.stm32cube.ide.mcu.externaltools.gnu-tools-for-stm32.12.3.rel1.win32_1.1.0.202410251130/tools/bin/../lib/gcc/arm-none-eabi/12.3.1/../../../../arm-none-eabi/lib/thumb/v7e-m+fp/hard\libc_nano.a(libc_a-lock.o)
                0x08008670                __retarget_lock_init_recursive
 .text.__retarget_lock_acquire_recursive
                0x08008672        0x2 D:/stm32ide/STM32CubeIDE_1.17.0/STM32CubeIDE/plugins/com.st.stm32cube.ide.mcu.externaltools.gnu-tools-for-stm32.12.3.rel1.win32_1.1.0.202410251130/tools/bin/../lib/gcc/arm-none-eabi/12.3.1/../../../../arm-none-eabi/lib/thumb/v7e-m+fp/hard\libc_nano.a(libc_a-lock.o)
                0x08008672                __retarget_lock_acquire_recursive
 .text.__retarget_lock_release_recursive
                0x08008674        0x2 D:/stm32ide/STM32CubeIDE_1.17.0/STM32CubeIDE/plugins/com.st.stm32cube.ide.mcu.externaltools.gnu-tools-for-stm32.12.3.rel1.win32_1.1.0.202410251130/tools/bin/../lib/gcc/arm-none-eabi/12.3.1/../../../../arm-none-eabi/lib/thumb/v7e-m+fp/hard\libc_nano.a(libc_a-lock.o)
                0x08008674                __retarget_lock_release_recursive
 .text.memcpy   0x08008676       0x1c D:/stm32ide/STM32CubeIDE_1.17.0/STM32CubeIDE/plugins/com.st.stm32cube.ide.mcu.externaltools.gnu-tools-for-stm32.12.3.rel1.win32_1.1.0.202410251130/tools/bin/../lib/gcc/arm-none-eabi/12.3.1/../../../../arm-none-eabi/lib/thumb/v7e-m+fp/hard\libc_nano.a(libc_a-memcpy-stub.o)
                0x08008676                memcpy
 *fill*         0x08008692        0x2 
 .text._free_r  0x08008694       0x94 D:/stm32ide/STM32CubeIDE_1.17.0/STM32CubeIDE/plugins/com.st.stm32cube.ide.mcu.externaltools.gnu-tools-for-stm32.12.3.rel1.win32_1.1.0.202410251130/tools/bin/../lib/gcc/arm-none-eabi/12.3.1/../../../../arm-none-eabi/lib/thumb/v7e-m+fp/hard\libc_nano.a(libc_a-freer.o)
                0x08008694                _free_r
 .text.sbrk_aligned
                0x08008728       0x44 D:/stm32ide/STM32CubeIDE_1.17.0/STM32CubeIDE/plugins/com.st.stm32cube.ide.mcu.externaltools.gnu-tools-for-stm32.12.3.rel1.win32_1.1.0.202410251130/tools/bin/../lib/gcc/arm-none-eabi/12.3.1/../../../../arm-none-eabi/lib/thumb/v7e-m+fp/hard\libc_nano.a(libc_a-mallocr.o)
 .text._malloc_r
                0x0800876c      0x100 D:/stm32ide/STM32CubeIDE_1.17.0/STM32CubeIDE/plugins/com.st.stm32cube.ide.mcu.externaltools.gnu-tools-for-stm32.12.3.rel1.win32_1.1.0.202410251130/tools/bin/../lib/gcc/arm-none-eabi/12.3.1/../../../../arm-none-eabi/lib/thumb/v7e-m+fp/hard\libc_nano.a(libc_a-mallocr.o)
                0x0800876c                _malloc_r
 .text.__malloc_lock
                0x0800886c        0xc D:/stm32ide/STM32CubeIDE_1.17.0/STM32CubeIDE/plugins/com.st.stm32cube.ide.mcu.externaltools.gnu-tools-for-stm32.12.3.rel1.win32_1.1.0.202410251130/tools/bin/../lib/gcc/arm-none-eabi/12.3.1/../../../../arm-none-eabi/lib/thumb/v7e-m+fp/hard\libc_nano.a(libc_a-mlock.o)
                0x0800886c                __malloc_lock
 .text.__malloc_unlock
                0x08008878        0xc D:/stm32ide/STM32CubeIDE_1.17.0/STM32CubeIDE/plugins/com.st.stm32cube.ide.mcu.externaltools.gnu-tools-for-stm32.12.3.rel1.win32_1.1.0.202410251130/tools/bin/../lib/gcc/arm-none-eabi/12.3.1/../../../../arm-none-eabi/lib/thumb/v7e-m+fp/hard\libc_nano.a(libc_a-mlock.o)
                0x08008878                __malloc_unlock
 .text.__sfputc_r
                0x08008884       0x2e D:/stm32ide/STM32CubeIDE_1.17.0/STM32CubeIDE/plugins/com.st.stm32cube.ide.mcu.externaltools.gnu-tools-for-stm32.12.3.rel1.win32_1.1.0.202410251130/tools/bin/../lib/gcc/arm-none-eabi/12.3.1/../../../../arm-none-eabi/lib/thumb/v7e-m+fp/hard\libc_nano.a(libc_a-nano-vfprintf.o)
 .text.__sfputs_r
                0x080088b2       0x24 D:/stm32ide/STM32CubeIDE_1.17.0/STM32CubeIDE/plugins/com.st.stm32cube.ide.mcu.externaltools.gnu-tools-for-stm32.12.3.rel1.win32_1.1.0.202410251130/tools/bin/../lib/gcc/arm-none-eabi/12.3.1/../../../../arm-none-eabi/lib/thumb/v7e-m+fp/hard\libc_nano.a(libc_a-nano-vfprintf.o)
                0x080088b2                __sfputs_r
 *fill*         0x080088d6        0x2 
 .text._vfprintf_r
                0x080088d8      0x230 D:/stm32ide/STM32CubeIDE_1.17.0/STM32CubeIDE/plugins/com.st.stm32cube.ide.mcu.externaltools.gnu-tools-for-stm32.12.3.rel1.win32_1.1.0.202410251130/tools/bin/../lib/gcc/arm-none-eabi/12.3.1/../../../../arm-none-eabi/lib/thumb/v7e-m+fp/hard\libc_nano.a(libc_a-nano-vfprintf.o)
                0x080088d8                _vfprintf_r
                0x080088d8                _vfiprintf_r
 .text._printf_common
                0x08008b08       0xda D:/stm32ide/STM32CubeIDE_1.17.0/STM32CubeIDE/plugins/com.st.stm32cube.ide.mcu.externaltools.gnu-tools-for-stm32.12.3.rel1.win32_1.1.0.202410251130/tools/bin/../lib/gcc/arm-none-eabi/12.3.1/../../../../arm-none-eabi/lib/thumb/v7e-m+fp/hard\libc_nano.a(libc_a-nano-vfprintf_i.o)
                0x08008b08                _printf_common
 *fill*         0x08008be2        0x2 
 .text._printf_i
                0x08008be4      0x240 D:/stm32ide/STM32CubeIDE_1.17.0/STM32CubeIDE/plugins/com.st.stm32cube.ide.mcu.externaltools.gnu-tools-for-stm32.12.3.rel1.win32_1.1.0.202410251130/tools/bin/../lib/gcc/arm-none-eabi/12.3.1/../../../../arm-none-eabi/lib/thumb/v7e-m+fp/hard\libc_nano.a(libc_a-nano-vfprintf_i.o)
                0x08008be4                _printf_i
 .text.__sflush_r
                0x08008e24      0x108 D:/stm32ide/STM32CubeIDE_1.17.0/STM32CubeIDE/plugins/com.st.stm32cube.ide.mcu.externaltools.gnu-tools-for-stm32.12.3.rel1.win32_1.1.0.202410251130/tools/bin/../lib/gcc/arm-none-eabi/12.3.1/../../../../arm-none-eabi/lib/thumb/v7e-m+fp/hard\libc_nano.a(libc_a-fflush.o)
                0x08008e24                __sflush_r
 .text._fflush_r
                0x08008f2c       0x50 D:/stm32ide/STM32CubeIDE_1.17.0/STM32CubeIDE/plugins/com.st.stm32cube.ide.mcu.externaltools.gnu-tools-for-stm32.12.3.rel1.win32_1.1.0.202410251130/tools/bin/../lib/gcc/arm-none-eabi/12.3.1/../../../../arm-none-eabi/lib/thumb/v7e-m+fp/hard\libc_nano.a(libc_a-fflush.o)
                0x08008f2c                _fflush_r
 .text.__swhatbuf_r
                0x08008f7c       0x4c D:/stm32ide/STM32CubeIDE_1.17.0/STM32CubeIDE/plugins/com.st.stm32cube.ide.mcu.externaltools.gnu-tools-for-stm32.12.3.rel1.win32_1.1.0.202410251130/tools/bin/../lib/gcc/arm-none-eabi/12.3.1/../../../../arm-none-eabi/lib/thumb/v7e-m+fp/hard\libc_nano.a(libc_a-makebuf.o)
                0x08008f7c                __swhatbuf_r
 .text.__smakebuf_r
                0x08008fc8       0x78 D:/stm32ide/STM32CubeIDE_1.17.0/STM32CubeIDE/plugins/com.st.stm32cube.ide.mcu.externaltools.gnu-tools-for-stm32.12.3.rel1.win32_1.1.0.202410251130/tools/bin/../lib/gcc/arm-none-eabi/12.3.1/../../../../arm-none-eabi/lib/thumb/v7e-m+fp/hard\libc_nano.a(libc_a-makebuf.o)
                0x08008fc8                __smakebuf_r
 .text._fstat_r
                0x08009040       0x24 D:/stm32ide/STM32CubeIDE_1.17.0/STM32CubeIDE/plugins/com.st.stm32cube.ide.mcu.externaltools.gnu-tools-for-stm32.12.3.rel1.win32_1.1.0.202410251130/tools/bin/../lib/gcc/arm-none-eabi/12.3.1/../../../../arm-none-eabi/lib/thumb/v7e-m+fp/hard\libc_nano.a(libc_a-fstatr.o)
                0x08009040                _fstat_r
 .text._isatty_r
                0x08009064       0x20 D:/stm32ide/STM32CubeIDE_1.17.0/STM32CubeIDE/plugins/com.st.stm32cube.ide.mcu.externaltools.gnu-tools-for-stm32.12.3.rel1.win32_1.1.0.202410251130/tools/bin/../lib/gcc/arm-none-eabi/12.3.1/../../../../arm-none-eabi/lib/thumb/v7e-m+fp/hard\libc_nano.a(libc_a-isattyr.o)
                0x08009064                _isatty_r
 .text._sbrk_r  0x08009084       0x20 D:/stm32ide/STM32CubeIDE_1.17.0/STM32CubeIDE/plugins/com.st.stm32cube.ide.mcu.externaltools.gnu-tools-for-stm32.12.3.rel1.win32_1.1.0.202410251130/tools/bin/../lib/gcc/arm-none-eabi/12.3.1/../../../../arm-none-eabi/lib/thumb/v7e-m+fp/hard\libc_nano.a(libc_a-sbrkr.o)
                0x08009084                _sbrk_r
 *(.glue_7)
 .glue_7        0x080090a4        0x0 linker stubs
 *(.glue_7t)
 .glue_7t       0x080090a4        0x0 linker stubs
 *(.eh_frame)
 .eh_frame      0x080090a4        0x0 D:/stm32ide/STM32CubeIDE_1.17.0/STM32CubeIDE/plugins/com.st.stm32cube.ide.mcu.externaltools.gnu-tools-for-stm32.12.3.rel1.win32_1.1.0.202410251130/tools/bin/../lib/gcc/arm-none-eabi/12.3.1/thumb/v7e-m+fp/hard/crtbegin.o
 *(.init)
 .init          0x080090a4        0x4 D:/stm32ide/STM32CubeIDE_1.17.0/STM32CubeIDE/plugins/com.st.stm32cube.ide.mcu.externaltools.gnu-tools-for-stm32.12.3.rel1.win32_1.1.0.202410251130/tools/bin/../lib/gcc/arm-none-eabi/12.3.1/thumb/v7e-m+fp/hard/crti.o
                0x080090a4                _init
 .init          0x080090a8        0x8 D:/stm32ide/STM32CubeIDE_1.17.0/STM32CubeIDE/plugins/com.st.stm32cube.ide.mcu.externaltools.gnu-tools-for-stm32.12.3.rel1.win32_1.1.0.202410251130/tools/bin/../lib/gcc/arm-none-eabi/12.3.1/thumb/v7e-m+fp/hard/crtn.o
 *(.fini)
 .fini          0x080090b0        0x4 D:/stm32ide/STM32CubeIDE_1.17.0/STM32CubeIDE/plugins/com.st.stm32cube.ide.mcu.externaltools.gnu-tools-for-stm32.12.3.rel1.win32_1.1.0.202410251130/tools/bin/../lib/gcc/arm-none-eabi/12.3.1/thumb/v7e-m+fp/hard/crti.o
                0x080090b0                _fini
 .fini          0x080090b4        0x8 D:/stm32ide/STM32CubeIDE_1.17.0/STM32CubeIDE/plugins/com.st.stm32cube.ide.mcu.externaltools.gnu-tools-for-stm32.12.3.rel1.win32_1.1.0.202410251130/tools/bin/../lib/gcc/arm-none-eabi/12.3.1/thumb/v7e-m+fp/hard/crtn.o
                0x080090bc                        . = ALIGN (0x4)
                0x080090bc                        _etext = .

.vfp11_veneer   0x080090bc        0x0
 .vfp11_veneer  0x080090bc        0x0 linker stubs

.v4_bx          0x080090bc        0x0
 .v4_bx         0x080090bc        0x0 linker stubs

.iplt           0x080090bc        0x0
 .iplt          0x080090bc        0x0 D:/stm32ide/STM32CubeIDE_1.17.0/STM32CubeIDE/plugins/com.st.stm32cube.ide.mcu.externaltools.gnu-tools-for-stm32.12.3.rel1.win32_1.1.0.202410251130/tools/bin/../lib/gcc/arm-none-eabi/12.3.1/thumb/v7e-m+fp/hard/crtbegin.o

.rodata         0x080090bc      0x2dc
                0x080090bc                        . = ALIGN (0x4)
 *(.rodata)
 .rodata        0x080090bc      0x177 ./Core/Src/etx_ota_update.o
 *fill*         0x08009233        0x1 
 .rodata        0x08009234       0xd7 ./Core/Src/main.o
 *fill*         0x0800930b        0x1 
 .rodata        0x0800930c       0x46 ./USB_DEVICE/App/usbd_desc.o
 *(.rodata*)
 *fill*         0x08009352        0x2 
 .rodata.AHBPrescTable
                0x08009354       0x10 ./Core/Src/system_stm32f4xx.o
                0x08009354                AHBPrescTable
 .rodata._vfprintf_r.str1.1
                0x08009364       0x11 D:/stm32ide/STM32CubeIDE_1.17.0/STM32CubeIDE/plugins/com.st.stm32cube.ide.mcu.externaltools.gnu-tools-for-stm32.12.3.rel1.win32_1.1.0.202410251130/tools/bin/../lib/gcc/arm-none-eabi/12.3.1/../../../../arm-none-eabi/lib/thumb/v7e-m+fp/hard\libc_nano.a(libc_a-nano-vfprintf.o)
 .rodata._printf_i.str1.1
                0x08009375       0x22 D:/stm32ide/STM32CubeIDE_1.17.0/STM32CubeIDE/plugins/com.st.stm32cube.ide.mcu.externaltools.gnu-tools-for-stm32.12.3.rel1.win32_1.1.0.202410251130/tools/bin/../lib/gcc/arm-none-eabi/12.3.1/../../../../arm-none-eabi/lib/thumb/v7e-m+fp/hard\libc_nano.a(libc_a-nano-vfprintf_i.o)
                0x08009398                        . = ALIGN (0x4)
 *fill*         0x08009397        0x1 

.ARM.extab      0x08009398        0x0
                0x08009398                        . = ALIGN (0x4)
 *(.ARM.extab* .gnu.linkonce.armextab.*)
                0x08009398                        . = ALIGN (0x4)

.ARM            0x08009398        0x8
                0x08009398                        . = ALIGN (0x4)
                0x08009398                        __exidx_start = .
 *(.ARM.exidx*)
 .ARM.exidx     0x08009398        0x8 D:/stm32ide/STM32CubeIDE_1.17.0/STM32CubeIDE/plugins/com.st.stm32cube.ide.mcu.externaltools.gnu-tools-for-stm32.12.3.rel1.win32_1.1.0.202410251130/tools/bin/../lib/gcc/arm-none-eabi/12.3.1/../../../../arm-none-eabi/lib/thumb/v7e-m+fp/hard\libc_nano.a(libc_a-memchr.o)
 .ARM.exidx     0x080093a0        0x0 D:/stm32ide/STM32CubeIDE_1.17.0/STM32CubeIDE/plugins/com.st.stm32cube.ide.mcu.externaltools.gnu-tools-for-stm32.12.3.rel1.win32_1.1.0.202410251130/tools/bin/../lib/gcc/arm-none-eabi/12.3.1/thumb/v7e-m+fp/hard\libgcc.a(_udivmoddi4.o)
                                  0x8 (size before relaxing)
                0x080093a0                        __exidx_end = .
                0x080093a0                        . = ALIGN (0x4)

.preinit_array  0x080093a0        0x0
                0x080093a0                        . = ALIGN (0x4)
                0x080093a0                        PROVIDE (__preinit_array_start = .)
 *(.preinit_array*)
                0x080093a0                        PROVIDE (__preinit_array_end = .)
                0x080093a0                        . = ALIGN (0x4)

.init_array     0x080093a0        0x4
                0x080093a0                        . = ALIGN (0x4)
                0x080093a0                        PROVIDE (__init_array_start = .)
 *(SORT_BY_NAME(.init_array.*))
 *(.init_array*)
 .init_array    0x080093a0        0x4 D:/stm32ide/STM32CubeIDE_1.17.0/STM32CubeIDE/plugins/com.st.stm32cube.ide.mcu.externaltools.gnu-tools-for-stm32.12.3.rel1.win32_1.1.0.202410251130/tools/bin/../lib/gcc/arm-none-eabi/12.3.1/thumb/v7e-m+fp/hard/crtbegin.o
                0x080093a4                        PROVIDE (__init_array_end = .)
                0x080093a4                        . = ALIGN (0x4)

.fini_array     0x080093a4        0x4
                0x080093a4                        . = ALIGN (0x4)
                [!provide]                        PROVIDE (__fini_array_start = .)
 *(SORT_BY_NAME(.fini_array.*))
 *(.fini_array*)
 .fini_array    0x080093a4        0x4 D:/stm32ide/STM32CubeIDE_1.17.0/STM32CubeIDE/plugins/com.st.stm32cube.ide.mcu.externaltools.gnu-tools-for-stm32.12.3.rel1.win32_1.1.0.202410251130/tools/bin/../lib/gcc/arm-none-eabi/12.3.1/thumb/v7e-m+fp/hard/crtbegin.o
                [!provide]                        PROVIDE (__fini_array_end = .)
                0x080093a8                        . = ALIGN (0x4)
                0x080093a8                        _sidata = LOADADDR (.data)

.rel.dyn        0x080093a8        0x0
 .rel.iplt      0x080093a8        0x0 D:/stm32ide/STM32CubeIDE_1.17.0/STM32CubeIDE/plugins/com.st.stm32cube.ide.mcu.externaltools.gnu-tools-for-stm32.12.3.rel1.win32_1.1.0.202410251130/tools/bin/../lib/gcc/arm-none-eabi/12.3.1/thumb/v7e-m+fp/hard/crtbegin.o

.data           0x20000000      0x158 load address 0x080093a8
                0x20000000                        . = ALIGN (0x4)
                0x20000000                        _sdata = .
 *(.data)
 *(.data*)
 .data.SystemCoreClock
                0x20000000        0x4 ./Core/Src/system_stm32f4xx.o
                0x20000000                SystemCoreClock
 .data.uwTickPrio
                0x20000004        0x4 ./Drivers/STM32F4xx_HAL_Driver/Src/stm32f4xx_hal.o
                0x20000004                uwTickPrio
 .data.uwTickFreq
                0x20000008        0x1 ./Drivers/STM32F4xx_HAL_Driver/Src/stm32f4xx_hal.o
                0x20000008                uwTickFreq
 *fill*         0x20000009        0x3 
 .data.USBD_CDC_DeviceQualifierDesc
                0x2000000c        0xa ./Middlewares/ST/STM32_USB_Device_Library/Class/CDC/Src/usbd_cdc.o
 *fill*         0x20000016        0x2 
 .data.USBD_CDC
                0x20000018       0x38 ./Middlewares/ST/STM32_USB_Device_Library/Class/CDC/Src/usbd_cdc.o
                0x20000018                USBD_CDC
 .data.USBD_CDC_CfgDesc
                0x20000050       0x43 ./Middlewares/ST/STM32_USB_Device_Library/Class/CDC/Src/usbd_cdc.o
 .data.CDCInEpAdd
                0x20000093        0x1 ./Middlewares/ST/STM32_USB_Device_Library/Class/CDC/Src/usbd_cdc.o
 .data.CDCOutEpAdd
                0x20000094        0x1 ./Middlewares/ST/STM32_USB_Device_Library/Class/CDC/Src/usbd_cdc.o
 .data.CDCCmdEpAdd
                0x20000095        0x1 ./Middlewares/ST/STM32_USB_Device_Library/Class/CDC/Src/usbd_cdc.o
 *fill*         0x20000096        0x2 
 .data.USBD_Interface_fops_FS
                0x20000098       0x14 ./USB_DEVICE/App/usbd_cdc_if.o
                0x20000098                USBD_Interface_fops_FS
 .data.FS_Desc  0x200000ac       0x1c ./USB_DEVICE/App/usbd_desc.o
                0x200000ac                FS_Desc
 .data.USBD_FS_DeviceDesc
                0x200000c8       0x12 ./USB_DEVICE/App/usbd_desc.o
                0x200000c8                USBD_FS_DeviceDesc
 *fill*         0x200000da        0x2 
 .data.USBD_LangIDDesc
                0x200000dc        0x4 ./USB_DEVICE/App/usbd_desc.o
                0x200000dc                USBD_LangIDDesc
 .data.USBD_StringSerial
                0x200000e0       0x1a ./USB_DEVICE/App/usbd_desc.o
                0x200000e0                USBD_StringSerial
 *fill*         0x200000fa        0x2 
 .data.__sglue  0x200000fc        0xc D:/stm32ide/STM32CubeIDE_1.17.0/STM32CubeIDE/plugins/com.st.stm32cube.ide.mcu.externaltools.gnu-tools-for-stm32.12.3.rel1.win32_1.1.0.202410251130/tools/bin/../lib/gcc/arm-none-eabi/12.3.1/../../../../arm-none-eabi/lib/thumb/v7e-m+fp/hard\libc_nano.a(libc_a-findfp.o)
                0x200000fc                __sglue
 .data._impure_ptr
                0x20000108        0x4 D:/stm32ide/STM32CubeIDE_1.17.0/STM32CubeIDE/plugins/com.st.stm32cube.ide.mcu.externaltools.gnu-tools-for-stm32.12.3.rel1.win32_1.1.0.202410251130/tools/bin/../lib/gcc/arm-none-eabi/12.3.1/../../../../arm-none-eabi/lib/thumb/v7e-m+fp/hard\libc_nano.a(libc_a-impure.o)
                0x20000108                _impure_ptr
 .data._impure_data
                0x2000010c       0x4c D:/stm32ide/STM32CubeIDE_1.17.0/STM32CubeIDE/plugins/com.st.stm32cube.ide.mcu.externaltools.gnu-tools-for-stm32.12.3.rel1.win32_1.1.0.202410251130/tools/bin/../lib/gcc/arm-none-eabi/12.3.1/../../../../arm-none-eabi/lib/thumb/v7e-m+fp/hard\libc_nano.a(libc_a-impure.o)
                0x2000010c                _impure_data
 *(.RamFunc)
 *(.RamFunc*)
                0x20000158                        . = ALIGN (0x4)
                0x20000158                        _edata = .
                0x08009500                        _siccmram = LOADADDR (.ccmram)

.igot.plt       0x20000158        0x0 load address 0x08009500
 .igot.plt      0x20000158        0x0 D:/stm32ide/STM32CubeIDE_1.17.0/STM32CubeIDE/plugins/com.st.stm32cube.ide.mcu.externaltools.gnu-tools-for-stm32.12.3.rel1.win32_1.1.0.202410251130/tools/bin/../lib/gcc/arm-none-eabi/12.3.1/thumb/v7e-m+fp/hard/crtbegin.o

.ccmram         0x10000000        0x0 load address 0x08009500
                0x10000000                        . = ALIGN (0x4)
                0x10000000                        _sccmram = .
 *(.ccmram)
 *(.ccmram*)
                0x10000000                        . = ALIGN (0x4)
                0x10000000                        _eccmram = .
                0x10000000                        . = ALIGN (0x4)

.bss            0x20000158     0x21e0
                0x20000158                        _sbss = .
                0x20000158                        __bss_start__ = _sbss
 *(.bss)
 .bss           0x20000158       0x1c D:/stm32ide/STM32CubeIDE_1.17.0/STM32CubeIDE/plugins/com.st.stm32cube.ide.mcu.externaltools.gnu-tools-for-stm32.12.3.rel1.win32_1.1.0.202410251130/tools/bin/../lib/gcc/arm-none-eabi/12.3.1/thumb/v7e-m+fp/hard/crtbegin.o
 *(.bss*)
 .bss.Rx_Buffer
                0x20000174       0x3b ./Core/Src/etx_ota_update.o
 .bss.ota_state
                0x200001af        0x1 ./Core/Src/etx_ota_update.o
 .bss.ota_fw_total_size
                0x200001b0        0x4 ./Core/Src/etx_ota_update.o
 .bss.ota_fw_crc
                0x200001b4        0x4 ./Core/Src/etx_ota_update.o
 .bss.ota_fw_received_size
                0x200001b8        0x4 ./Core/Src/etx_ota_update.o
 .bss.rx_buffer
                0x200001bc      0x41a ./Core/Src/main.o
                0x200001bc                rx_buffer
 *fill*         0x200005d6        0x2 
 .bss.flag      0x200005d8        0x4 ./Core/Src/main.o
                0x200005d8                flag
 .bss.len       0x200005dc        0x1 ./Core/Src/main.o
                0x200005dc                len
 *fill*         0x200005dd        0x3 
 .bss.__sbrk_heap_end
                0x200005e0        0x4 ./Core/Src/sysmem.o
 .bss.uwTick    0x200005e4        0x4 ./Drivers/STM32F4xx_HAL_Driver/Src/stm32f4xx_hal.o
                0x200005e4                uwTick
 .bss.pFlash    0x200005e8       0x20 ./Drivers/STM32F4xx_HAL_Driver/Src/stm32f4xx_hal_flash.o
                0x200005e8                pFlash
 .bss.cfgidx.0  0x20000608        0x1 ./Middlewares/ST/STM32_USB_Device_Library/Core/Src/usbd_ctlreq.o
 *fill*         0x20000609        0x3 
 .bss.hUsbDeviceFS
                0x2000060c      0x2dc ./USB_DEVICE/App/usb_device.o
                0x2000060c                hUsbDeviceFS
 .bss.UserRxBufferFS
                0x200008e8      0x800 ./USB_DEVICE/App/usbd_cdc_if.o
                0x200008e8                UserRxBufferFS
 .bss.UserTxBufferFS
                0x200010e8      0x800 ./USB_DEVICE/App/usbd_cdc_if.o
                0x200010e8                UserTxBufferFS
 .bss.USBD_StrDesc
                0x200018e8      0x200 ./USB_DEVICE/App/usbd_desc.o
                0x200018e8                USBD_StrDesc
 .bss.hpcd_USB_OTG_FS
                0x20001ae8      0x4e4 ./USB_DEVICE/Target/usbd_conf.o
                0x20001ae8                hpcd_USB_OTG_FS
 .bss.mem.0     0x20001fcc      0x220 ./USB_DEVICE/Target/usbd_conf.o
 .bss.__sf      0x200021ec      0x138 D:/stm32ide/STM32CubeIDE_1.17.0/STM32CubeIDE/plugins/com.st.stm32cube.ide.mcu.externaltools.gnu-tools-for-stm32.12.3.rel1.win32_1.1.0.202410251130/tools/bin/../lib/gcc/arm-none-eabi/12.3.1/../../../../arm-none-eabi/lib/thumb/v7e-m+fp/hard\libc_nano.a(libc_a-findfp.o)
                0x200021ec                __sf
 .bss.__stdio_exit_handler
                0x20002324        0x4 D:/stm32ide/STM32CubeIDE_1.17.0/STM32CubeIDE/plugins/com.st.stm32cube.ide.mcu.externaltools.gnu-tools-for-stm32.12.3.rel1.win32_1.1.0.202410251130/tools/bin/../lib/gcc/arm-none-eabi/12.3.1/../../../../arm-none-eabi/lib/thumb/v7e-m+fp/hard\libc_nano.a(libc_a-findfp.o)
                0x20002324                __stdio_exit_handler
 .bss.errno     0x20002328        0x4 D:/stm32ide/STM32CubeIDE_1.17.0/STM32CubeIDE/plugins/com.st.stm32cube.ide.mcu.externaltools.gnu-tools-for-stm32.12.3.rel1.win32_1.1.0.202410251130/tools/bin/../lib/gcc/arm-none-eabi/12.3.1/../../../../arm-none-eabi/lib/thumb/v7e-m+fp/hard\libc_nano.a(libc_a-reent.o)
                0x20002328                errno
 .bss.__lock___malloc_recursive_mutex
                0x2000232c        0x1 D:/stm32ide/STM32CubeIDE_1.17.0/STM32CubeIDE/plugins/com.st.stm32cube.ide.mcu.externaltools.gnu-tools-for-stm32.12.3.rel1.win32_1.1.0.202410251130/tools/bin/../lib/gcc/arm-none-eabi/12.3.1/../../../../arm-none-eabi/lib/thumb/v7e-m+fp/hard\libc_nano.a(libc_a-lock.o)
                0x2000232c                __lock___malloc_recursive_mutex
 .bss.__lock___sfp_recursive_mutex
                0x2000232d        0x1 D:/stm32ide/STM32CubeIDE_1.17.0/STM32CubeIDE/plugins/com.st.stm32cube.ide.mcu.externaltools.gnu-tools-for-stm32.12.3.rel1.win32_1.1.0.202410251130/tools/bin/../lib/gcc/arm-none-eabi/12.3.1/../../../../arm-none-eabi/lib/thumb/v7e-m+fp/hard\libc_nano.a(libc_a-lock.o)
                0x2000232d                __lock___sfp_recursive_mutex
 *fill*         0x2000232e        0x2 
 .bss.__malloc_sbrk_start
                0x20002330        0x4 D:/stm32ide/STM32CubeIDE_1.17.0/STM32CubeIDE/plugins/com.st.stm32cube.ide.mcu.externaltools.gnu-tools-for-stm32.12.3.rel1.win32_1.1.0.202410251130/tools/bin/../lib/gcc/arm-none-eabi/12.3.1/../../../../arm-none-eabi/lib/thumb/v7e-m+fp/hard\libc_nano.a(libc_a-mallocr.o)
                0x20002330                __malloc_sbrk_start
 .bss.__malloc_free_list
                0x20002334        0x4 D:/stm32ide/STM32CubeIDE_1.17.0/STM32CubeIDE/plugins/com.st.stm32cube.ide.mcu.externaltools.gnu-tools-for-stm32.12.3.rel1.win32_1.1.0.202410251130/tools/bin/../lib/gcc/arm-none-eabi/12.3.1/../../../../arm-none-eabi/lib/thumb/v7e-m+fp/hard\libc_nano.a(libc_a-mallocr.o)
                0x20002334                __malloc_free_list
 *(COMMON)
                0x20002338                        . = ALIGN (0x4)
                0x20002338                        _ebss = .
                0x20002338                        __bss_end__ = _ebss

._user_heap_stack
                0x20002338      0x600
                0x20002338                        . = ALIGN (0x8)
                [!provide]                        PROVIDE (end = .)
                0x20002338                        PROVIDE (_end = .)
                0x20002538                        . = (. + _Min_Heap_Size)
 *fill*         0x20002338      0x200 
                0x20002938                        . = (. + _Min_Stack_Size)
 *fill*         0x20002538      0x400 
                0x20002938                        . = ALIGN (0x8)

/DISCARD/
 libc.a(*)
 libm.a(*)
 libgcc.a(*)

.ARM.attributes
                0x00000000       0x30
 *(.ARM.attributes)
 .ARM.attributes
                0x00000000       0x22 D:/stm32ide/STM32CubeIDE_1.17.0/STM32CubeIDE/plugins/com.st.stm32cube.ide.mcu.externaltools.gnu-tools-for-stm32.12.3.rel1.win32_1.1.0.202410251130/tools/bin/../lib/gcc/arm-none-eabi/12.3.1/thumb/v7e-m+fp/hard/crti.o
 .ARM.attributes
                0x00000022       0x34 D:/stm32ide/STM32CubeIDE_1.17.0/STM32CubeIDE/plugins/com.st.stm32cube.ide.mcu.externaltools.gnu-tools-for-stm32.12.3.rel1.win32_1.1.0.202410251130/tools/bin/../lib/gcc/arm-none-eabi/12.3.1/thumb/v7e-m+fp/hard/crtbegin.o
 .ARM.attributes
                0x00000056       0x34 ./Core/Src/etx_ota_update.o
 .ARM.attributes
                0x0000008a       0x34 ./Core/Src/main.o
 .ARM.attributes
                0x000000be       0x34 ./Core/Src/stm32f4xx_hal_msp.o
 .ARM.attributes
                0x000000f2       0x34 ./Core/Src/stm32f4xx_it.o
 .ARM.attributes
                0x00000126       0x34 ./Core/Src/syscalls.o
 .ARM.attributes
                0x0000015a       0x34 ./Core/Src/sysmem.o
 .ARM.attributes
                0x0000018e       0x34 ./Core/Src/system_stm32f4xx.o
 .ARM.attributes
                0x000001c2       0x21 ./Core/Startup/startup_stm32f407vgtx.o
 .ARM.attributes
                0x000001e3       0x34 ./Drivers/STM32F4xx_HAL_Driver/Src/stm32f4xx_hal.o
 .ARM.attributes
                0x00000217       0x34 ./Drivers/STM32F4xx_HAL_Driver/Src/stm32f4xx_hal_cortex.o
 .ARM.attributes
                0x0000024b       0x34 ./Drivers/STM32F4xx_HAL_Driver/Src/stm32f4xx_hal_flash.o
 .ARM.attributes
                0x0000027f       0x34 ./Drivers/STM32F4xx_HAL_Driver/Src/stm32f4xx_hal_flash_ex.o
 .ARM.attributes
                0x000002b3       0x34 ./Drivers/STM32F4xx_HAL_Driver/Src/stm32f4xx_hal_gpio.o
 .ARM.attributes
                0x000002e7       0x34 ./Drivers/STM32F4xx_HAL_Driver/Src/stm32f4xx_hal_pcd.o
 .ARM.attributes
                0x0000031b       0x34 ./Drivers/STM32F4xx_HAL_Driver/Src/stm32f4xx_hal_pcd_ex.o
 .ARM.attributes
                0x0000034f       0x34 ./Drivers/STM32F4xx_HAL_Driver/Src/stm32f4xx_hal_rcc.o
 .ARM.attributes
                0x00000383       0x34 ./Drivers/STM32F4xx_HAL_Driver/Src/stm32f4xx_hal_rcc_ex.o
 .ARM.attributes
                0x000003b7       0x34 ./Drivers/STM32F4xx_HAL_Driver/Src/stm32f4xx_ll_usb.o
 .ARM.attributes
                0x000003eb       0x34 ./Middlewares/ST/STM32_USB_Device_Library/Class/CDC/Src/usbd_cdc.o
 .ARM.attributes
                0x0000041f       0x34 ./Middlewares/ST/STM32_USB_Device_Library/Core/Src/usbd_core.o
 .ARM.attributes
                0x00000453       0x34 ./Middlewares/ST/STM32_USB_Device_Library/Core/Src/usbd_ctlreq.o
 .ARM.attributes
                0x00000487       0x34 ./Middlewares/ST/STM32_USB_Device_Library/Core/Src/usbd_ioreq.o
 .ARM.attributes
                0x000004bb       0x34 ./USB_DEVICE/App/usb_device.o
 .ARM.attributes
                0x000004ef       0x34 ./USB_DEVICE/App/usbd_cdc_if.o
 .ARM.attributes
                0x00000523       0x34 ./USB_DEVICE/App/usbd_desc.o
 .ARM.attributes
                0x00000557       0x34 ./USB_DEVICE/Target/usbd_conf.o
 .ARM.attributes
                0x0000058b       0x34 D:/stm32ide/STM32CubeIDE_1.17.0/STM32CubeIDE/plugins/com.st.stm32cube.ide.mcu.externaltools.gnu-tools-for-stm32.12.3.rel1.win32_1.1.0.202410251130/tools/bin/../lib/gcc/arm-none-eabi/12.3.1/../../../../arm-none-eabi/lib/thumb/v7e-m+fp/hard\libc_nano.a(libc_a-findfp.o)
 .ARM.attributes
                0x000005bf       0x34 D:/stm32ide/STM32CubeIDE_1.17.0/STM32CubeIDE/plugins/com.st.stm32cube.ide.mcu.externaltools.gnu-tools-for-stm32.12.3.rel1.win32_1.1.0.202410251130/tools/bin/../lib/gcc/arm-none-eabi/12.3.1/../../../../arm-none-eabi/lib/thumb/v7e-m+fp/hard\libc_nano.a(libc_a-fwalk.o)
 .ARM.attributes
                0x000005f3       0x34 D:/stm32ide/STM32CubeIDE_1.17.0/STM32CubeIDE/plugins/com.st.stm32cube.ide.mcu.externaltools.gnu-tools-for-stm32.12.3.rel1.win32_1.1.0.202410251130/tools/bin/../lib/gcc/arm-none-eabi/12.3.1/../../../../arm-none-eabi/lib/thumb/v7e-m+fp/hard\libc_nano.a(libc_a-printf.o)
 .ARM.attributes
                0x00000627       0x34 D:/stm32ide/STM32CubeIDE_1.17.0/STM32CubeIDE/plugins/com.st.stm32cube.ide.mcu.externaltools.gnu-tools-for-stm32.12.3.rel1.win32_1.1.0.202410251130/tools/bin/../lib/gcc/arm-none-eabi/12.3.1/../../../../arm-none-eabi/lib/thumb/v7e-m+fp/hard\libc_nano.a(libc_a-puts.o)
 .ARM.attributes
                0x0000065b       0x34 D:/stm32ide/STM32CubeIDE_1.17.0/STM32CubeIDE/plugins/com.st.stm32cube.ide.mcu.externaltools.gnu-tools-for-stm32.12.3.rel1.win32_1.1.0.202410251130/tools/bin/../lib/gcc/arm-none-eabi/12.3.1/../../../../arm-none-eabi/lib/thumb/v7e-m+fp/hard\libc_nano.a(libc_a-stdio.o)
 .ARM.attributes
                0x0000068f       0x34 D:/stm32ide/STM32CubeIDE_1.17.0/STM32CubeIDE/plugins/com.st.stm32cube.ide.mcu.externaltools.gnu-tools-for-stm32.12.3.rel1.win32_1.1.0.202410251130/tools/bin/../lib/gcc/arm-none-eabi/12.3.1/../../../../arm-none-eabi/lib/thumb/v7e-m+fp/hard\libc_nano.a(libc_a-wbuf.o)
 .ARM.attributes
                0x000006c3       0x34 D:/stm32ide/STM32CubeIDE_1.17.0/STM32CubeIDE/plugins/com.st.stm32cube.ide.mcu.externaltools.gnu-tools-for-stm32.12.3.rel1.win32_1.1.0.202410251130/tools/bin/../lib/gcc/arm-none-eabi/12.3.1/../../../../arm-none-eabi/lib/thumb/v7e-m+fp/hard\libc_nano.a(libc_a-wsetup.o)
 .ARM.attributes
                0x000006f7       0x34 D:/stm32ide/STM32CubeIDE_1.17.0/STM32CubeIDE/plugins/com.st.stm32cube.ide.mcu.externaltools.gnu-tools-for-stm32.12.3.rel1.win32_1.1.0.202410251130/tools/bin/../lib/gcc/arm-none-eabi/12.3.1/../../../../arm-none-eabi/lib/thumb/v7e-m+fp/hard\libc_nano.a(libc_a-memset.o)
 .ARM.attributes
                0x0000072b       0x34 D:/stm32ide/STM32CubeIDE_1.17.0/STM32CubeIDE/plugins/com.st.stm32cube.ide.mcu.externaltools.gnu-tools-for-stm32.12.3.rel1.win32_1.1.0.202410251130/tools/bin/../lib/gcc/arm-none-eabi/12.3.1/../../../../arm-none-eabi/lib/thumb/v7e-m+fp/hard\libc_nano.a(libc_a-closer.o)
 .ARM.attributes
                0x0000075f       0x34 D:/stm32ide/STM32CubeIDE_1.17.0/STM32CubeIDE/plugins/com.st.stm32cube.ide.mcu.externaltools.gnu-tools-for-stm32.12.3.rel1.win32_1.1.0.202410251130/tools/bin/../lib/gcc/arm-none-eabi/12.3.1/../../../../arm-none-eabi/lib/thumb/v7e-m+fp/hard\libc_nano.a(libc_a-reent.o)
 .ARM.attributes
                0x00000793       0x34 D:/stm32ide/STM32CubeIDE_1.17.0/STM32CubeIDE/plugins/com.st.stm32cube.ide.mcu.externaltools.gnu-tools-for-stm32.12.3.rel1.win32_1.1.0.202410251130/tools/bin/../lib/gcc/arm-none-eabi/12.3.1/../../../../arm-none-eabi/lib/thumb/v7e-m+fp/hard\libc_nano.a(libc_a-impure.o)
 .ARM.attributes
                0x000007c7       0x34 D:/stm32ide/STM32CubeIDE_1.17.0/STM32CubeIDE/plugins/com.st.stm32cube.ide.mcu.externaltools.gnu-tools-for-stm32.12.3.rel1.win32_1.1.0.202410251130/tools/bin/../lib/gcc/arm-none-eabi/12.3.1/../../../../arm-none-eabi/lib/thumb/v7e-m+fp/hard\libc_nano.a(libc_a-lseekr.o)
 .ARM.attributes
                0x000007fb       0x34 D:/stm32ide/STM32CubeIDE_1.17.0/STM32CubeIDE/plugins/com.st.stm32cube.ide.mcu.externaltools.gnu-tools-for-stm32.12.3.rel1.win32_1.1.0.202410251130/tools/bin/../lib/gcc/arm-none-eabi/12.3.1/../../../../arm-none-eabi/lib/thumb/v7e-m+fp/hard\libc_nano.a(libc_a-readr.o)
 .ARM.attributes
                0x0000082f       0x34 D:/stm32ide/STM32CubeIDE_1.17.0/STM32CubeIDE/plugins/com.st.stm32cube.ide.mcu.externaltools.gnu-tools-for-stm32.12.3.rel1.win32_1.1.0.202410251130/tools/bin/../lib/gcc/arm-none-eabi/12.3.1/../../../../arm-none-eabi/lib/thumb/v7e-m+fp/hard\libc_nano.a(libc_a-writer.o)
 .ARM.attributes
                0x00000863       0x34 D:/stm32ide/STM32CubeIDE_1.17.0/STM32CubeIDE/plugins/com.st.stm32cube.ide.mcu.externaltools.gnu-tools-for-stm32.12.3.rel1.win32_1.1.0.202410251130/tools/bin/../lib/gcc/arm-none-eabi/12.3.1/../../../../arm-none-eabi/lib/thumb/v7e-m+fp/hard\libc_nano.a(libc_a-errno.o)
 .ARM.attributes
                0x00000897       0x34 D:/stm32ide/STM32CubeIDE_1.17.0/STM32CubeIDE/plugins/com.st.stm32cube.ide.mcu.externaltools.gnu-tools-for-stm32.12.3.rel1.win32_1.1.0.202410251130/tools/bin/../lib/gcc/arm-none-eabi/12.3.1/../../../../arm-none-eabi/lib/thumb/v7e-m+fp/hard\libc_nano.a(libc_a-init.o)
 .ARM.attributes
                0x000008cb       0x34 D:/stm32ide/STM32CubeIDE_1.17.0/STM32CubeIDE/plugins/com.st.stm32cube.ide.mcu.externaltools.gnu-tools-for-stm32.12.3.rel1.win32_1.1.0.202410251130/tools/bin/../lib/gcc/arm-none-eabi/12.3.1/../../../../arm-none-eabi/lib/thumb/v7e-m+fp/hard\libc_nano.a(libc_a-lock.o)
 .ARM.attributes
                0x000008ff       0x34 D:/stm32ide/STM32CubeIDE_1.17.0/STM32CubeIDE/plugins/com.st.stm32cube.ide.mcu.externaltools.gnu-tools-for-stm32.12.3.rel1.win32_1.1.0.202410251130/tools/bin/../lib/gcc/arm-none-eabi/12.3.1/../../../../arm-none-eabi/lib/thumb/v7e-m+fp/hard\libc_nano.a(libc_a-memcpy-stub.o)
 .ARM.attributes
                0x00000933       0x34 D:/stm32ide/STM32CubeIDE_1.17.0/STM32CubeIDE/plugins/com.st.stm32cube.ide.mcu.externaltools.gnu-tools-for-stm32.12.3.rel1.win32_1.1.0.202410251130/tools/bin/../lib/gcc/arm-none-eabi/12.3.1/../../../../arm-none-eabi/lib/thumb/v7e-m+fp/hard\libc_nano.a(libc_a-freer.o)
 .ARM.attributes
                0x00000967       0x34 D:/stm32ide/STM32CubeIDE_1.17.0/STM32CubeIDE/plugins/com.st.stm32cube.ide.mcu.externaltools.gnu-tools-for-stm32.12.3.rel1.win32_1.1.0.202410251130/tools/bin/../lib/gcc/arm-none-eabi/12.3.1/../../../../arm-none-eabi/lib/thumb/v7e-m+fp/hard\libc_nano.a(libc_a-mallocr.o)
 .ARM.attributes
                0x0000099b       0x34 D:/stm32ide/STM32CubeIDE_1.17.0/STM32CubeIDE/plugins/com.st.stm32cube.ide.mcu.externaltools.gnu-tools-for-stm32.12.3.rel1.win32_1.1.0.202410251130/tools/bin/../lib/gcc/arm-none-eabi/12.3.1/../../../../arm-none-eabi/lib/thumb/v7e-m+fp/hard\libc_nano.a(libc_a-mlock.o)
 .ARM.attributes
                0x000009cf       0x34 D:/stm32ide/STM32CubeIDE_1.17.0/STM32CubeIDE/plugins/com.st.stm32cube.ide.mcu.externaltools.gnu-tools-for-stm32.12.3.rel1.win32_1.1.0.202410251130/tools/bin/../lib/gcc/arm-none-eabi/12.3.1/../../../../arm-none-eabi/lib/thumb/v7e-m+fp/hard\libc_nano.a(libc_a-nano-vfprintf.o)
 .ARM.attributes